Archive member included to satisfy reference by file (symbol)

C:/ST/STM32CubeIDE_1.16.0/STM32CubeIDE/plugins/com.st.stm32cube.ide.mcu.externaltools.gnu-tools-for-stm32.12.3.rel1.win32_1.0.200.202406191623/tools/bin/../lib/gcc/arm-none-eabi/12.3.1/../../../../arm-none-eabi/lib/thumb/v7-m/nofp\libc_nano.a(libc_a-exit.o)
                              C:/ST/STM32CubeIDE_1.16.0/STM32CubeIDE/plugins/com.st.stm32cube.ide.mcu.externaltools.gnu-tools-for-stm32.12.3.rel1.win32_1.0.200.202406191623/tools/bin/../lib/gcc/arm-none-eabi/12.3.1/../../../../arm-none-eabi/lib/thumb/v7-m/nofp/crt0.o (exit)
C:/ST/STM32CubeIDE_1.16.0/STM32CubeIDE/plugins/com.st.stm32cube.ide.mcu.externaltools.gnu-tools-for-stm32.12.3.rel1.win32_1.0.200.202406191623/tools/bin/../lib/gcc/arm-none-eabi/12.3.1/../../../../arm-none-eabi/lib/thumb/v7-m/nofp\libc_nano.a(libc_a-ctype_.o)
                              ./Core/Src/main.o (_ctype_)
C:/ST/STM32CubeIDE_1.16.0/STM32CubeIDE/plugins/com.st.stm32cube.ide.mcu.externaltools.gnu-tools-for-stm32.12.3.rel1.win32_1.0.200.202406191623/tools/bin/../lib/gcc/arm-none-eabi/12.3.1/../../../../arm-none-eabi/lib/thumb/v7-m/nofp\libc_nano.a(libc_a-findfp.o)
                              C:/ST/STM32CubeIDE_1.16.0/STM32CubeIDE/plugins/com.st.stm32cube.ide.mcu.externaltools.gnu-tools-for-stm32.12.3.rel1.win32_1.0.200.202406191623/tools/bin/../lib/gcc/arm-none-eabi/12.3.1/../../../../arm-none-eabi/lib/thumb/v7-m/nofp\libc_nano.a(libc_a-exit.o) (__stdio_exit_handler)
C:/ST/STM32CubeIDE_1.16.0/STM32CubeIDE/plugins/com.st.stm32cube.ide.mcu.externaltools.gnu-tools-for-stm32.12.3.rel1.win32_1.0.200.202406191623/tools/bin/../lib/gcc/arm-none-eabi/12.3.1/../../../../arm-none-eabi/lib/thumb/v7-m/nofp\libc_nano.a(libc_a-fwalk.o)
                              C:/ST/STM32CubeIDE_1.16.0/STM32CubeIDE/plugins/com.st.stm32cube.ide.mcu.externaltools.gnu-tools-for-stm32.12.3.rel1.win32_1.0.200.202406191623/tools/bin/../lib/gcc/arm-none-eabi/12.3.1/../../../../arm-none-eabi/lib/thumb/v7-m/nofp\libc_nano.a(libc_a-findfp.o) (_fwalk_sglue)
C:/ST/STM32CubeIDE_1.16.0/STM32CubeIDE/plugins/com.st.stm32cube.ide.mcu.externaltools.gnu-tools-for-stm32.12.3.rel1.win32_1.0.200.202406191623/tools/bin/../lib/gcc/arm-none-eabi/12.3.1/../../../../arm-none-eabi/lib/thumb/v7-m/nofp\libc_nano.a(libc_a-printf.o)
                              ./Core/Src/main.o (printf)
C:/ST/STM32CubeIDE_1.16.0/STM32CubeIDE/plugins/com.st.stm32cube.ide.mcu.externaltools.gnu-tools-for-stm32.12.3.rel1.win32_1.0.200.202406191623/tools/bin/../lib/gcc/arm-none-eabi/12.3.1/../../../../arm-none-eabi/lib/thumb/v7-m/nofp\libc_nano.a(libc_a-putchar.o)
                              ./TinyUSB/src/tusb.o (putchar)
C:/ST/STM32CubeIDE_1.16.0/STM32CubeIDE/plugins/com.st.stm32cube.ide.mcu.externaltools.gnu-tools-for-stm32.12.3.rel1.win32_1.0.200.202406191623/tools/bin/../lib/gcc/arm-none-eabi/12.3.1/../../../../arm-none-eabi/lib/thumb/v7-m/nofp\libc_nano.a(libc_a-puts.o)
                              ./TinyUSB/src/class/cdc/cdc_device.o (puts)
C:/ST/STM32CubeIDE_1.16.0/STM32CubeIDE/plugins/com.st.stm32cube.ide.mcu.externaltools.gnu-tools-for-stm32.12.3.rel1.win32_1.0.200.202406191623/tools/bin/../lib/gcc/arm-none-eabi/12.3.1/../../../../arm-none-eabi/lib/thumb/v7-m/nofp\libc_nano.a(libc_a-snprintf.o)
                              ./Core/Src/main.o (snprintf)
C:/ST/STM32CubeIDE_1.16.0/STM32CubeIDE/plugins/com.st.stm32cube.ide.mcu.externaltools.gnu-tools-for-stm32.12.3.rel1.win32_1.0.200.202406191623/tools/bin/../lib/gcc/arm-none-eabi/12.3.1/../../../../arm-none-eabi/lib/thumb/v7-m/nofp\libc_nano.a(libc_a-stdio.o)
                              C:/ST/STM32CubeIDE_1.16.0/STM32CubeIDE/plugins/com.st.stm32cube.ide.mcu.externaltools.gnu-tools-for-stm32.12.3.rel1.win32_1.0.200.202406191623/tools/bin/../lib/gcc/arm-none-eabi/12.3.1/../../../../arm-none-eabi/lib/thumb/v7-m/nofp\libc_nano.a(libc_a-findfp.o) (__sread)
C:/ST/STM32CubeIDE_1.16.0/STM32CubeIDE/plugins/com.st.stm32cube.ide.mcu.externaltools.gnu-tools-for-stm32.12.3.rel1.win32_1.0.200.202406191623/tools/bin/../lib/gcc/arm-none-eabi/12.3.1/../../../../arm-none-eabi/lib/thumb/v7-m/nofp\libc_nano.a(libc_a-wbuf.o)
                              C:/ST/STM32CubeIDE_1.16.0/STM32CubeIDE/plugins/com.st.stm32cube.ide.mcu.externaltools.gnu-tools-for-stm32.12.3.rel1.win32_1.0.200.202406191623/tools/bin/../lib/gcc/arm-none-eabi/12.3.1/../../../../arm-none-eabi/lib/thumb/v7-m/nofp\libc_nano.a(libc_a-puts.o) (__swbuf_r)
C:/ST/STM32CubeIDE_1.16.0/STM32CubeIDE/plugins/com.st.stm32cube.ide.mcu.externaltools.gnu-tools-for-stm32.12.3.rel1.win32_1.0.200.202406191623/tools/bin/../lib/gcc/arm-none-eabi/12.3.1/../../../../arm-none-eabi/lib/thumb/v7-m/nofp\libc_nano.a(libc_a-wsetup.o)
[...]
Memory Configuration

Name             Origin             Length             Attributes
RAM              0x20000000         0x00005000         xrw
FLASH            0x08000000         0x00010000         xr
*default*        0x00000000         0xffffffff

Linker script and memory map

LOAD C:/ST/STM32CubeIDE_1.16.0/STM32CubeIDE/plugins/com.st.stm32cube.ide.mcu.externaltools.gnu-tools-for-stm32.12.3.rel1.win32_1.0.200.202406191623/tools/bin/../lib/gcc/arm-none-eabi/12.3.1/thumb/v7-m/nofp/crti.o
LOAD C:/ST/STM32CubeIDE_1.16.0/STM32CubeIDE/plugins/com.st.stm32cube.ide.mcu.externaltools.gnu-tools-for-stm32.12.3.rel1.win32_1.0.200.202406191623/tools/bin/../lib/gcc/arm-none-eabi/12.3.1/thumb/v7-m/nofp/crtbegin.o
LOAD C:/ST/STM32CubeIDE_1.16.0/STM32CubeIDE/plugins/com.st.stm32cube.ide.mcu.externaltools.gnu-tools-for-stm32.12.3.rel1.win32_1.0.200.202406191623/tools/bin/../lib/gcc/arm-none-eabi/12.3.1/../../../../arm-none-eabi/lib/thumb/v7-m/nofp/crt0.o
LOAD ./Core/Src/main.o
LOAD ./Core/Src/stm32f1xx_hal_msp.o
LOAD ./Core/Src/stm32f1xx_it.o
LOAD ./Core/Src/syscalls.o
LOAD ./Core/Src/sysmem.o
LOAD ./Core/Src/system_stm32f1xx.o
LOAD ./Core/Src/usb_descriptors.o
LOAD ./Core/Startup/startup_stm32f103c8tx.o
LOAD ./Drivers/STM32F1xx_HAL_Driver/Src/stm32f1xx_hal.o
LOAD ./Drivers/STM32F1xx_HAL_Driver/Src/stm32f1xx_hal_cortex.o
LOAD ./Drivers/STM32F1xx_HAL_Driver/Src/stm32f1xx_hal_dma.o
LOAD ./Drivers/STM32F1xx_HAL_Driver/Src/stm32f1xx_hal_exti.o
LOAD ./Drivers/STM32F1xx_HAL_Driver/Src/stm32f1xx_hal_flash.o
LOAD ./Drivers/STM32F1xx_HAL_Driver/Src/stm32f1xx_hal_flash_ex.o
LOAD ./Drivers/STM32F1xx_HAL_Driver/Src/stm32f1xx_hal_gpio.o
LOAD ./Drivers/STM32F1xx_HAL_Driver/Src/stm32f1xx_hal_gpio_ex.o
LOAD ./Drivers/STM32F1xx_HAL_Driver/Src/stm32f1xx_hal_pcd.o
LOAD ./Drivers/STM32F1xx_HAL_Driver/Src/stm32f1xx_hal_pcd_ex.o
LOAD ./Drivers/STM32F1xx_HAL_Driver/Src/stm32f1xx_hal_pwr.o
LOAD ./Drivers/STM32F1xx_HAL_Driver/Src/stm32f1xx_hal_rcc.o
LOAD ./Drivers/STM32F1xx_HAL_Driver/Src/stm32f1xx_hal_rcc_ex.o
LOAD ./Drivers/STM32F1xx_HAL_Driver/Src/stm32f1xx_hal_tim.o
LOAD ./Drivers/STM32F1xx_HAL_Driver/Src/stm32f1xx_hal_tim_ex.o
LOAD ./Drivers/STM32F1xx_HAL_Driver/Src/stm32f1xx_ll_exti.o
LOAD ./Drivers/STM32F1xx_HAL_Driver/Src/stm32f1xx_ll_gpio.o
LOAD ./Drivers/STM32F1xx_HAL_Driver/Src/stm32f1xx_ll_rcc.o
LOAD ./Drivers/STM32F1xx_HAL_Driver/Src/stm32f1xx_ll_usb.o
LOAD ./Drivers/STM32F1xx_HAL_Driver/Src/stm32f1xx_ll_utils.o
LOAD ./TinyUSB/src/class/audio/audio_device.o
LOAD ./TinyUSB/src/class/bth/bth_device.o
LOAD ./TinyUSB/src/class/cdc/cdc_device.o
LOAD ./TinyUSB/src/class/cdc/cdc_host.o
LOAD ./TinyUSB/src/class/cdc/cdc_rndis_host.o
LOAD ./TinyUSB/src/class/dfu/dfu_device.o
LOAD ./TinyUSB/src/class/dfu/dfu_rt_device.o
LOAD ./TinyUSB/src/class/hid/hid_device.o
LOAD ./TinyUSB/src/class/hid/hid_host.o
LOAD ./TinyUSB/src/class/midi/midi_device.o
LOAD ./TinyUSB/src/class/msc/msc_device.o
LOAD ./TinyUSB/src/class/msc/msc_host.o
LOAD ./TinyUSB/src/class/net/ecm_rndis_device.o
LOAD ./TinyUSB/src/class/net/ncm_device.o
LOAD ./TinyUSB/src/class/usbtmc/usbtmc_device.o
LOAD ./TinyUSB/src/class/vendor/vendor_device.o
LOAD ./TinyUSB/src/class/vendor/vendor_host.o
LOAD ./TinyUSB/src/class/video/video_device.o
LOAD ./TinyUSB/src/common/tusb_fifo.o
LOAD ./TinyUSB/src/device/usbd.o
LOAD ./TinyUSB/src/device/usbd_control.o
LOAD ./TinyUSB/src/host/hub.o
LOAD ./TinyUSB/src/host/usbh.o
LOAD ./TinyUSB/src/portable/analog/max3421/hcd_max3421.o
LOAD ./TinyUSB/src/portable/bridgetek/ft9xx/dcd_ft9xx.o
LOAD ./TinyUSB/src/portable/chipidea/ci_fs/dcd_ci_fs.o
LOAD ./TinyUSB/src/portable/chipidea/ci_hs/dcd_ci_hs.o
LOAD ./TinyUSB/src/portable/chipidea/ci_hs/hcd_ci_hs.o
LOAD ./TinyUSB/src/portable/dialog/da146xx/dcd_da146xx.o
LOAD ./TinyUSB/src/portable/ehci/ehci.o
LOAD ./TinyUSB/src/portable/espressif/esp32sx/dcd_esp32sx.o
LOAD ./TinyUSB/src/portable/mentor/musb/dcd_musb.o
LOAD ./TinyUSB/src/portable/mentor/musb/hcd_musb.o
LOAD ./TinyUSB/src/portable/microchip/pic/dcd_pic.o
LOAD ./TinyUSB/src/portable/microchip/pic32mz/dcd_pic32mz.o
LOAD ./TinyUSB/src/portable/microchip/samd/dcd_samd.o
LOAD ./TinyUSB/src/portable/microchip/samg/dcd_samg.o
LOAD ./TinyUSB/src/portable/microchip/samx7x/dcd_samx7x.o
LOAD ./TinyUSB/src/portable/mindmotion/mm32/dcd_mm32f327x_otg.o
LOAD ./TinyUSB/src/portable/nordic/nrf5x/dcd_nrf5x.o
LOAD ./TinyUSB/src/portable/nuvoton/nuc120/dcd_nuc120.o
LOAD ./TinyUSB/src/portable/nuvoton/nuc121/dcd_nuc121.o
LOAD ./TinyUSB/src/portable/nuvoton/nuc505/dcd_nuc505.o
LOAD ./TinyUSB/src/portable/nxp/khci/dcd_khci.o
LOAD ./TinyUSB/src/portable/nxp/khci/hcd_khci.o
LOAD ./TinyUSB/src/portable/nxp/lpc17_40/dcd_lpc17_40.o
LOAD ./TinyUSB/src/portable/nxp/lpc17_40/hcd_lpc17_40.o
LOAD ./TinyUSB/src/portable/nxp/lpc_ip3511/dcd_lpc_ip3511.o
LOAD ./TinyUSB/src/portable/ohci/ohci.o
LOAD ./TinyUSB/src/portable/raspberrypi/pio_usb/dcd_pio_usb.o
LOAD ./TinyUSB/src/portable/raspberrypi/pio_usb/hcd_pio_usb.o
LOAD ./TinyUSB/src/portable/raspberrypi/rp2040/dcd_rp2040.o
LOAD ./TinyUSB/src/portable/raspberrypi/rp2040/hcd_rp2040.o
LOAD ./TinyUSB/src/portable/raspberrypi/rp2040/rp2040_usb.o
LOAD ./TinyUSB/src/portable/renesas/rusb2/dcd_rusb2.o
LOAD ./TinyUSB/src/portable/renesas/rusb2/hcd_rusb2.o
LOAD ./TinyUSB/src/portable/renesas/rusb2/rusb2_common.o
LOAD ./TinyUSB/src/portable/sony/cxd56/dcd_cxd56.o
LOAD ./TinyUSB/src/portable/st/stm32_fsdev/dcd_stm32_fsdev.o
LOAD ./TinyUSB/src/portable/st/typec/typec_stm32.o
LOAD ./TinyUSB/src/portable/sunxi/dcd_sunxi_musb.o
LOAD ./TinyUSB/src/portable/synopsys/dwc2/dcd_dwc2.o
LOAD ./TinyUSB/src/portable/synopsys/dwc2/dwc2_common.o
LOAD ./TinyUSB/src/portable/synopsys/dwc2/hcd_dwc2.o
LOAD ./TinyUSB/src/portable/template/dcd_template.o
LOAD ./TinyUSB/src/portable/template/hcd_template.o
LOAD ./TinyUSB/src/portable/ti/msp430x5xx/dcd_msp430x5xx.o
LOAD ./TinyUSB/src/portable/valentyusb/eptri/dcd_eptri.o
LOAD ./TinyUSB/src/portable/wch/dcd_ch32_usbfs.o
LOAD ./TinyUSB/src/portable/wch/dcd_ch32_usbhs.o
LOAD ./TinyUSB/src/tusb.o
LOAD ./TinyUSB/src/typec/usbc.o
START GROUP
LOAD C:/ST/STM32CubeIDE_1.16.0/STM32CubeIDE/plugins/com.st.stm32cube.ide.mcu.externaltools.gnu-tools-for-stm32.12.3.rel1.win32_1.0.200.202406191623/tools/bin/../lib/gcc/arm-none-eabi/12.3.1/../../../../arm-none-eabi/lib/thumb/v7-m/nofp\libc_nano.a
LOAD C:/ST/STM32CubeIDE_1.16.0/STM32CubeIDE/plugins/com.st.stm32cube.ide.mcu.externaltools.gnu-tools-for-stm32.12.3.rel1.win32_1.0.200.202406191623/tools/bin/../lib/gcc/arm-none-eabi/12.3.1/../../../../arm-none-eabi/lib/thumb/v7-m/nofp\libm.a
END GROUP
START GROUP
LOAD C:/ST/STM32CubeIDE_1.16.0/STM32CubeIDE/plugins/com.st.stm32cube.ide.mcu.externaltools.gnu-tools-for-stm32.12.3.rel1.win32_1.0.200.202406191623/tools/bin/../lib/gcc/arm-none-eabi/12.3.1/thumb/v7-m/nofp\libgcc.a
LOAD C:/ST/STM32CubeIDE_1.16.0/STM32CubeIDE/plugins/com.st.stm32cube.ide.mcu.externaltools.gnu-tools-for-stm32.12.3.rel1.win32_1.0.200.202406191623/tools/bin/../lib/gcc/arm-none-eabi/12.3.1/../../../../arm-none-eabi/lib/thumb/v7-m/nofp\libc_nano.a
END GROUP
START GROUP
LOAD C:/ST/STM32CubeIDE_1.16.0/STM32CubeIDE/plugins/com.st.stm32cube.ide.mcu.externaltools.gnu-tools-for-stm32.12.3.rel1.win32_1.0.200.202406191623/tools/bin/../lib/gcc/arm-none-eabi/12.3.1/thumb/v7-m/nofp\libgcc.a
LOAD C:/ST/STM32CubeIDE_1.16.0/STM32CubeIDE/plugins/com.st.stm32cube.ide.mcu.externaltools.gnu-tools-for-stm32.12.3.rel1.win32_1.0.200.202406191623/tools/bin/../lib/gcc/arm-none-eabi/12.3.1/../../../../arm-none-eabi/lib/thumb/v7-m/nofp\libc_nano.a
LOAD C:/ST/STM32CubeIDE_1.16.0/STM32CubeIDE/plugins/com.st.stm32cube.ide.mcu.externaltools.gnu-tools-for-stm32.12.3.rel1.win32_1.0.200.202406191623/tools/bin/../lib/gcc/arm-none-eabi/12.3.1/../../../../arm-none-eabi/lib/thumb/v7-m/nofp\libnosys.a
END GROUP
START GROUP
LOAD C:/ST/STM32CubeIDE_1.16.0/STM32CubeIDE/plugins/com.st.stm32cube.ide.mcu.externaltools.gnu-tools-for-stm32.12.3.rel1.win32_1.0.200.202406191623/tools/bin/../lib/gcc/arm-none-eabi/12.3.1/thumb/v7-m/nofp\libgcc.a
LOAD C:/ST/STM32CubeIDE_1.16.0/STM32CubeIDE/plugins/com.st.stm32cube.ide.mcu.externaltools.gnu-tools-for-stm32.12.3.rel1.win32_1.0.200.202406191623/tools/bin/../lib/gcc/arm-none-eabi/12.3.1/../../../../arm-none-eabi/lib/thumb/v7-m/nofp\libc_nano.a
LOAD C:/ST/STM32CubeIDE_1.16.0/STM32CubeIDE/plugins/com.st.stm32cube.ide.mcu.externaltools.gnu-tools-for-stm32.12.3.rel1.win32_1.0.200.202406191623/tools/bin/../lib/gcc/arm-none-eabi/12.3.1/../../../../arm-none-eabi/lib/thumb/v7-m/nofp\libnosys.a
END GROUP
LOAD C:/ST/STM32CubeIDE_1.16.0/STM32CubeIDE/plugins/com.st.stm32cube.ide.mcu.externaltools.gnu-tools-for-stm32.12.3.rel1.win32_1.0.200.202406191623/tools/bin/../lib/gcc/arm-none-eabi/12.3.1/thumb/v7-m/nofp/crtend.o
LOAD C:/ST/STM32CubeIDE_1.16.0/STM32CubeIDE/plugins/com.st.stm32cube.ide.mcu.externaltools.gnu-tools-for-stm32.12.3.rel1.win32_1.0.200.202406191623/tools/bin/../lib/gcc/arm-none-eabi/12.3.1/thumb/v7-m/nofp/crtn.o
                0x20005000                        _estack = (ORIGIN (RAM) + LENGTH (RAM))
                0x00000200                        _Min_Heap_Size = 0x200
                0x00000400                        _Min_Stack_Size = 0x400

.isr_vector     0x08000000      0x10c
                0x08000000                        . = ALIGN (0x4)
 *(.isr_vector)
 .isr_vector    0x08000000      0x10c ./Core/Startup/startup_stm32f103c8tx.o
                0x08000000                g_pfnVectors
                0x0800010c                        . = ALIGN (0x4)

.text           0x0800010c     0xc738
                0x0800010c                        . = ALIGN (0x4)
 *(.text)
 .text          0x0800010c       0x40 C:/ST/STM32CubeIDE_1.16.0/STM32CubeIDE/plugins/com.st.stm32cube.ide.mcu.externaltools.gnu-tools-for-stm32.12.3.rel1.win32_1.0.200.202406191623/tools/bin/../lib/gcc/arm-none-eabi/12.3.1/thumb/v7-m/nofp/crtbegin.o
 .text          0x0800014c       0x10 C:/ST/STM32CubeIDE_1.16.0/STM32CubeIDE/plugins/com.st.stm32cube.ide.mcu.externaltools.gnu-tools-for-stm32.12.3.rel1.win32_1.0.200.202406191623/tools/bin/../lib/gcc/arm-none-eabi/12.3.1/../../../../arm-none-eabi/lib/thumb/v7-m/nofp\libc_nano.a(libc_a-strlen.o)
                0x0800014c                strlen
 *(.text*)
 .text.ITM_SendChar
                0x0800015c       0x4c ./Core/Src/main.o
 .text.LL_GPIO_ResetOutputPin
                0x080001a8       0x1e ./Core/Src/main.o
 .text.LL_GPIO_TogglePin
                0x080001c6       0x38 ./Core/Src/main.o
 *fill*         0x080001fe        0x2 
 .text.LL_APB2_GRP1_EnableClock
                0x08000200       0x30 ./Core/Src/main.o
 .text._write   0x08000230       0x38 ./Core/Src/main.o
                0x08000230                _write
 .text.main     0x08000268       0x54 ./Core/Src/main.o
                0x08000268                main
 .text.SystemClock_Config
                0x080002bc       0xb4 ./Core/Src/main.o
                0x080002bc                SystemClock_Config
 .text.MX_USB_PCD_Init
                0x08000370       0x44 ./Core/Src/main.o
 .text.MX_GPIO_Init
                0x080003b4       0xa0 ./Core/Src/main.o
 .text.echo_serial_port
                0x08000454       0xb4 ./Core/Src/main.o
 .text.cdc_task
                0x08000508       0x56 ./Core/Src/main.o
 *fill*         0x0800055e        0x2 
 .text.tud_mount_cb
                0x08000560       0x18 ./Core/Src/main.o
                0x08000560                tud_mount_cb
 .text.tud_umount_cb
                0x08000578       0x18 ./Core/Src/main.o
                0x08000578                tud_umount_cb
 .text.tud_suspend_cb
                0x08000590       0x20 ./Core/Src/main.o
                0x08000590                tud_suspend_cb
 .text.tud_resume_cb
                0x080005b0       0x24 ./Core/Src/main.o
                0x080005b0                tud_resume_cb
 .text.hid_task
                0x080005d4       0xd4 ./Core/Src/main.o
                0x080005d4                hid_task
 .text.tud_hid_get_report_cb
                0x080006a8       0x20 ./Core/Src/main.o
                0x080006a8                tud_hid_get_report_cb
 .text.tud_hid_set_report_cb
                0x080006c8       0x1e ./Core/Src/main.o
                0x080006c8                tud_hid_set_report_cb
 *fill*         0x080006e6        0x2 
 .text.get_serial_id_string
                0x080006e8       0x3c ./Core/Src/main.o
                0x080006e8                get_serial_id_string
 .text.led_blinking_task
                0x08000724       0x44 ./Core/Src/main.o
                0x08000724                led_blinking_task
 .text.Error_Handler
                0x08000768        0xc ./Core/Src/main.o
                0x08000768                Error_Handler
 .text.HAL_MspInit
                0x08000774       0x64 ./Core/Src/stm32f1xx_hal_msp.o
                0x08000774                HAL_MspInit
 .text.HAL_PCD_MspInit
                0x080007d8       0x5c ./Core/Src/stm32f1xx_hal_msp.o
                0x080007d8                HAL_PCD_MspInit
 .text.NMI_Handler
                0x08000834        0x8 ./Core/Src/stm32f1xx_it.o
                0x08000834                NMI_Handler
 .text.HardFault_Handler
                0x0800083c        0x8 ./Core/Src/stm32f1xx_it.o
                0x0800083c                HardFault_Handler
 .text.MemManage_Handler
                0x08000844        0x8 ./Core/Src/stm32f1xx_it.o
                0x08000844                MemManage_Handler
 .text.BusFault_Handler
                0x0800084c        0x8 ./Core/Src/stm32f1xx_it.o
                0x0800084c                BusFault_Handler
 .text.UsageFault_Handler
                0x08000854        0x8 ./Core/Src/stm32f1xx_it.o
                0x08000854                UsageFault_Handler
 .text.SVC_Handler
                0x0800085c        0xc ./Core/Src/stm32f1xx_it.o
                0x0800085c                SVC_Handler
 .text.DebugMon_Handler
                0x08000868        0xc ./Core/Src/stm32f1xx_it.o
                0x08000868                DebugMon_Handler
 .text.PendSV_Handler
                0x08000874        0xc ./Core/Src/stm32f1xx_it.o
                0x08000874                PendSV_Handler
 .text.SysTick_Handler
                0x08000880        0xc ./Core/Src/stm32f1xx_it.o
                0x08000880                SysTick_Handler
 .text.USB_HP_CAN1_TX_IRQHandler
                0x0800088c       0x18 ./Core/Src/stm32f1xx_it.o
                0x0800088c                USB_HP_CAN1_TX_IRQHandler
 .text.USB_LP_CAN1_RX0_IRQHandler
                0x080008a4       0x18 ./Core/Src/stm32f1xx_it.o
                0x080008a4                USB_LP_CAN1_RX0_IRQHandler
 .text._read    0x080008bc       0x3a ./Core/Src/syscalls.o
                0x080008bc                _read
 .text._close   0x080008f6       0x16 ./Core/Src/syscalls.o
                0x080008f6                _close
 .text._fstat   0x0800090c       0x1e ./Core/Src/syscalls.o
                0x0800090c                _fstat
 .text._isatty  0x0800092a       0x14 ./Core/Src/syscalls.o
                0x0800092a                _isatty
 .text._lseek   0x0800093e       0x18 ./Core/Src/syscalls.o
                0x0800093e                _lseek
 *fill*         0x08000956        0x2 
 .text._sbrk    0x08000958       0x6c ./Core/Src/sysmem.o
                0x08000958                _sbrk
 .text.SystemInit
                0x080009c4        0xc ./Core/Src/system_stm32f1xx.o
                0x080009c4                SystemInit
 .text.tud_descriptor_device_cb
                0x080009d0       0x14 ./Core/Src/usb_descriptors.o
                0x080009d0                tud_descriptor_device_cb
 .text.tud_hid_descriptor_report_cb
                0x080009e4       0x34 ./Core/Src/usb_descriptors.o
                0x080009e4                tud_hid_descriptor_report_cb
 .text.tud_descriptor_configuration_cb
                0x08000a18       0x1c ./Core/Src/usb_descriptors.o
                0x08000a18                tud_descriptor_configuration_cb
 .text.tud_descriptor_string_cb
                0x08000a34       0xb4 ./Core/Src/usb_descriptors.o
                0x08000a34                tud_descriptor_string_cb
 .text.Reset_Handler
                0x08000ae8       0x48 ./Core/Startup/startup_stm32f103c8tx.o
                0x08000ae8                Reset_Handler
 .text.Default_Handler
                0x08000b30        0x2 ./Core/Startup/startup_stm32f103c8tx.o
                0x08000b30                RTC_Alarm_IRQHandler
                0x08000b30                EXTI2_IRQHandler
                0x08000b30                TIM1_CC_IRQHandler
                0x08000b30                PVD_IRQHandler
                0x08000b30                EXTI3_IRQHandler
                0x08000b30                EXTI0_IRQHandler
                0x08000b30                I2C2_EV_IRQHandler
                0x08000b30                ADC1_2_IRQHandler
                0x08000b30                SPI1_IRQHandler
                0x08000b30                TAMPER_IRQHandler
                0x08000b30                DMA1_Channel4_IRQHandler
                0x08000b30                USART3_IRQHandler
                0x08000b30                RTC_IRQHandler
                0x08000b30                DMA1_Channel7_IRQHandler
                0x08000b30                CAN1_RX1_IRQHandler
                0x08000b30                TIM4_IRQHandler
                0x08000b30                I2C1_EV_IRQHandler
                0x08000b30                DMA1_Channel6_IRQHandler
                0x08000b30                TIM3_IRQHandler
                0x08000b30                RCC_IRQHandler
                0x08000b30                TIM1_TRG_COM_IRQHandler
                0x08000b30                DMA1_Channel1_IRQHandler
                0x08000b30                Default_Handler
                0x08000b30                EXTI15_10_IRQHandler
                0x08000b30                EXTI9_5_IRQHandler
                0x08000b30                SPI2_IRQHandler
                0x08000b30                DMA1_Channel5_IRQHandler
                0x08000b30                EXTI4_IRQHandler
                0x08000b30                DMA1_Channel3_IRQHandler
                0x08000b30                TIM1_UP_IRQHandler
                0x08000b30                WWDG_IRQHandler
                0x08000b30                TIM2_IRQHandler
                0x08000b30                TIM1_BRK_IRQHandler
                0x08000b30                EXTI1_IRQHandler
                0x08000b30                USART2_IRQHandler
                0x08000b30                I2C2_ER_IRQHandler
                0x08000b30                DMA1_Channel2_IRQHandler
                0x08000b30                CAN1_SCE_IRQHandler
                0x08000b30                FLASH_IRQHandler
                0x08000b30                USART1_IRQHandler
                0x08000b30                I2C1_ER_IRQHandler
                0x08000b30                USBWakeUp_IRQHandler
 *fill*         0x08000b32        0x2 
 .text.HAL_Init
                0x08000b34       0x2c ./Drivers/STM32F1xx_HAL_Driver/Src/stm32f1xx_hal.o
                0x08000b34                HAL_Init
 .text.HAL_InitTick
                0x08000b60       0x60 ./Drivers/STM32F1xx_HAL_Driver/Src/stm32f1xx_hal.o
                0x08000b60                HAL_InitTick
 .text.HAL_IncTick
                0x08000bc0       0x24 ./Drivers/STM32F1xx_HAL_Driver/Src/stm32f1xx_hal.o
                0x08000bc0                HAL_IncTick
 .text.HAL_GetTick
                0x08000be4       0x14 ./Drivers/STM32F1xx_HAL_Driver/Src/stm32f1xx_hal.o
                0x08000be4                HAL_GetTick
 .text.HAL_GetUIDw0
                0x08000bf8       0x14 ./Drivers/STM32F1xx_HAL_Driver/Src/stm32f1xx_hal.o
                0x08000bf8                HAL_GetUIDw0
 .text.HAL_GetUIDw1
                0x08000c0c       0x14 ./Drivers/STM32F1xx_HAL_Driver/Src/stm32f1xx_hal.o
                0x08000c0c                HAL_GetUIDw1
 .text.HAL_GetUIDw2
                0x08000c20       0x14 ./Drivers/STM32F1xx_HAL_Driver/Src/stm32f1xx_hal.o
                0x08000c20                HAL_GetUIDw2
 .text.__NVIC_SetPriorityGrouping
                0x08000c34       0x48 ./Drivers/STM32F1xx_HAL_Driver/Src/stm32f1xx_hal_cortex.o
 .text.__NVIC_GetPriorityGrouping
                0x08000c7c       0x1c ./Drivers/STM32F1xx_HAL_Driver/Src/stm32f1xx_hal_cortex.o
 .text.__NVIC_EnableIRQ
                0x08000c98       0x38 ./Drivers/STM32F1xx_HAL_Driver/Src/stm32f1xx_hal_cortex.o
 .text.__NVIC_SetPriority
                0x08000cd0       0x54 ./Drivers/STM32F1xx_HAL_Driver/Src/stm32f1xx_hal_cortex.o
 .text.NVIC_EncodePriority
                0x08000d24       0x64 ./Drivers/STM32F1xx_HAL_Driver/Src/stm32f1xx_hal_cortex.o
 .text.SysTick_Config
                0x08000d88       0x44 ./Drivers/STM32F1xx_HAL_Driver/Src/stm32f1xx_hal_cortex.o
 .text.HAL_NVIC_SetPriorityGrouping
                0x08000dcc       0x16 ./Drivers/STM32F1xx_HAL_Driver/Src/stm32f1xx_hal_cortex.o
                0x08000dcc                HAL_NVIC_SetPriorityGrouping
 .text.HAL_NVIC_SetPriority
                0x08000de2       0x38 ./Drivers/STM32F1xx_HAL_Driver/Src/stm32f1xx_hal_cortex.o
                0x08000de2                HAL_NVIC_SetPriority
 .text.HAL_NVIC_EnableIRQ
                0x08000e1a       0x1c ./Drivers/STM32F1xx_HAL_Driver/Src/stm32f1xx_hal_cortex.o
                0x08000e1a                HAL_NVIC_EnableIRQ
 .text.HAL_SYSTICK_Config
                0x08000e36       0x18 ./Drivers/STM32F1xx_HAL_Driver/Src/stm32f1xx_hal_cortex.o
                0x08000e36                HAL_SYSTICK_Config
 .text.HAL_PCD_Init
                0x08000e4e      0x1ec ./Drivers/STM32F1xx_HAL_Driver/Src/stm32f1xx_hal_pcd.o
                0x08000e4e                HAL_PCD_Init
 .text.HAL_PCD_IRQHandler
                0x0800103a      0x260 ./Drivers/STM32F1xx_HAL_Driver/Src/stm32f1xx_hal_pcd.o
                0x0800103a                HAL_PCD_IRQHandler
 .text.HAL_PCD_DataOutStageCallback
                0x0800129a       0x16 ./Drivers/STM32F1xx_HAL_Driver/Src/stm32f1xx_hal_pcd.o
                0x0800129a                HAL_PCD_DataOutStageCallback
 .text.HAL_PCD_DataInStageCallback
                0x080012b0       0x16 ./Drivers/STM32F1xx_HAL_Driver/Src/stm32f1xx_hal_pcd.o
                0x080012b0                HAL_PCD_DataInStageCallback
 .text.HAL_PCD_SetupStageCallback
                0x080012c6       0x12 ./Drivers/STM32F1xx_HAL_Driver/Src/stm32f1xx_hal_pcd.o
                0x080012c6                HAL_PCD_SetupStageCallback
 .text.HAL_PCD_SOFCallback
                0x080012d8       0x12 ./Drivers/STM32F1xx_HAL_Driver/Src/stm32f1xx_hal_pcd.o
                0x080012d8                HAL_PCD_SOFCallback
 .text.HAL_PCD_ResetCallback
                0x080012ea       0x12 ./Drivers/STM32F1xx_HAL_Driver/Src/stm32f1xx_hal_pcd.o
                0x080012ea                HAL_PCD_ResetCallback
 .text.HAL_PCD_SuspendCallback
                0x080012fc       0x12 ./Drivers/STM32F1xx_HAL_Driver/Src/stm32f1xx_hal_pcd.o
                0x080012fc                HAL_PCD_SuspendCallback
 .text.HAL_PCD_ResumeCallback
                0x0800130e       0x12 ./Drivers/STM32F1xx_HAL_Driver/Src/stm32f1xx_hal_pcd.o
                0x0800130e                HAL_PCD_ResumeCallback
 .text.HAL_PCD_SetAddress
                0x08001320       0x48 ./Drivers/STM32F1xx_HAL_Driver/Src/stm32f1xx_hal_pcd.o
                0x08001320                HAL_PCD_SetAddress
 .text.PCD_EP_ISR_Handler
                0x08001368      0x79e ./Drivers/STM32F1xx_HAL_Driver/Src/stm32f1xx_hal_pcd.o
 .text.HAL_PCD_EP_DB_Receive
                0x08001b06      0x21a ./Drivers/STM32F1xx_HAL_Driver/Src/stm32f1xx_hal_pcd.o
 .text.HAL_PCD_EP_DB_Transmit
                0x08001d20      0x7f4 ./Drivers/STM32F1xx_HAL_Driver/Src/stm32f1xx_hal_pcd.o
 .text.HAL_RCC_OscConfig
                0x08002514      0x504 ./Drivers/STM32F1xx_HAL_Driver/Src/stm32f1xx_hal_rcc.o
                0x08002514                HAL_RCC_OscConfig
 .text.HAL_RCC_ClockConfig
                0x08002a18      0x1d4 ./Drivers/STM32F1xx_HAL_Driver/Src/stm32f1xx_hal_rcc.o
                0x08002a18                HAL_RCC_ClockConfig
 .text.HAL_RCC_GetSysClockFreq
                0x08002bec       0xa8 ./Drivers/STM32F1xx_HAL_Driver/Src/stm32f1xx_hal_rcc.o
                0x08002bec                HAL_RCC_GetSysClockFreq
 .text.RCC_Delay
                0x08002c94       0x3c ./Drivers/STM32F1xx_HAL_Driver/Src/stm32f1xx_hal_rcc.o
 .text.HAL_RCCEx_PeriphCLKConfig
                0x08002cd0      0x16c ./Drivers/STM32F1xx_HAL_Driver/Src/stm32f1xx_hal_rcc_ex.o
                0x08002cd0                HAL_RCCEx_PeriphCLKConfig
 .text.LL_GPIO_SetPinMode
                0x08002e3c       0x64 ./Drivers/STM32F1xx_HAL_Driver/Src/stm32f1xx_ll_gpio.o
 .text.LL_GPIO_SetPinSpeed
                0x08002ea0       0x64 ./Drivers/STM32F1xx_HAL_Driver/Src/stm32f1xx_ll_gpio.o
 .text.LL_GPIO_SetPinOutputType
                0x08002f04       0x64 ./Drivers/STM32F1xx_HAL_Driver/Src/stm32f1xx_ll_gpio.o
 .text.LL_GPIO_SetPinPull
                0x08002f68       0x44 ./Drivers/STM32F1xx_HAL_Driver/Src/stm32f1xx_ll_gpio.o
 .text.LL_GPIO_Init
                0x08002fac       0xcc ./Drivers/STM32F1xx_HAL_Driver/Src/stm32f1xx_ll_gpio.o
                0x08002fac                LL_GPIO_Init
 .text.USB_CoreInit
                0x08003078       0x1a ./Drivers/STM32F1xx_HAL_Driver/Src/stm32f1xx_ll_usb.o
                0x08003078                USB_CoreInit
 .text.USB_DisableGlobalInt
                0x08003092       0x34 ./Drivers/STM32F1xx_HAL_Driver/Src/stm32f1xx_ll_usb.o
                0x08003092                USB_DisableGlobalInt
 .text.USB_SetCurrentMode
                0x080030c6       0x18 ./Drivers/STM32F1xx_HAL_Driver/Src/stm32f1xx_ll_usb.o
                0x080030c6                USB_SetCurrentMode
 .text.USB_DevInit
                0x080030de       0x3a ./Drivers/STM32F1xx_HAL_Driver/Src/stm32f1xx_ll_usb.o
                0x080030de                USB_DevInit
 .text.USB_EPStartXfer
                0x08003118     0x1762 ./Drivers/STM32F1xx_HAL_Driver/Src/stm32f1xx_ll_usb.o
                0x08003118                USB_EPStartXfer
 .text.USB_SetDevAddress
                0x0800487a       0x26 ./Drivers/STM32F1xx_HAL_Driver/Src/stm32f1xx_ll_usb.o
                0x0800487a                USB_SetDevAddress
 .text.USB_DevDisconnect
                0x080048a0       0x14 ./Drivers/STM32F1xx_HAL_Driver/Src/stm32f1xx_ll_usb.o
                0x080048a0                USB_DevDisconnect
 .text.USB_ReadInterrupts
                0x080048b4       0x1e ./Drivers/STM32F1xx_HAL_Driver/Src/stm32f1xx_ll_usb.o
                0x080048b4                USB_ReadInterrupts
 .text.USB_WritePMA
                0x080048d2       0x8a ./Drivers/STM32F1xx_HAL_Driver/Src/stm32f1xx_ll_usb.o
                0x080048d2                USB_WritePMA
 .text.USB_ReadPMA
                0x0800495c       0x9e ./Drivers/STM32F1xx_HAL_Driver/Src/stm32f1xx_ll_usb.o
                0x0800495c                USB_ReadPMA
 *fill*         0x080049fa        0x2 
 .text._prep_out_transaction
                0x080049fc       0xe0 ./TinyUSB/src/class/cdc/cdc_device.o
 .text.tud_cdc_n_available
                0x08004adc       0x2c ./TinyUSB/src/class/cdc/cdc_device.o
                0x08004adc                tud_cdc_n_available
 .text.tud_cdc_n_read
                0x08004b08       0x58 ./TinyUSB/src/class/cdc/cdc_device.o
                0x08004b08                tud_cdc_n_read
 .text.tud_cdc_n_write
                0x08004b60       0x68 ./TinyUSB/src/class/cdc/cdc_device.o
                0x08004b60                tud_cdc_n_write
 .text.tud_cdc_n_write_flush
                0x08004bc8      0x118 ./TinyUSB/src/class/cdc/cdc_device.o
                0x08004bc8                tud_cdc_n_write_flush
 .text.cdcd_init
                0x08004ce0       0x9c ./TinyUSB/src/class/cdc/cdc_device.o
                0x08004ce0                cdcd_init
 .text.cdcd_deinit
                0x08004d7c        0xe ./TinyUSB/src/class/cdc/cdc_device.o
                0x08004d7c                cdcd_deinit
 *fill*         0x08004d8a        0x2 
 .text.cdcd_reset
                0x08004d8c       0x84 ./TinyUSB/src/class/cdc/cdc_device.o
                0x08004d8c                cdcd_reset
 .text.cdcd_open
                0x08004e10      0x218 ./TinyUSB/src/class/cdc/cdc_device.o
                0x08004e10                cdcd_open
 .text.cdcd_control_xfer_cb
                0x08005028      0x21c ./TinyUSB/src/class/cdc/cdc_device.o
                0x08005028                cdcd_control_xfer_cb
 .text.cdcd_xfer_cb
                0x08005244      0x1a8 ./TinyUSB/src/class/cdc/cdc_device.o
                0x08005244                cdcd_xfer_cb
 .text.tud_hid_set_protocol_cb
                0x080053ec       0x1a ./TinyUSB/src/class/hid/hid_device.o
                0x080053ec                tud_hid_set_protocol_cb
 .text.tud_hid_set_idle_cb
                0x08005406       0x1c ./TinyUSB/src/class/hid/hid_device.o
                0x08005406                tud_hid_set_idle_cb
 .text.tud_hid_report_complete_cb
                0x08005422       0x1a ./TinyUSB/src/class/hid/hid_device.o
                0x08005422                tud_hid_report_complete_cb
 .text.tud_hid_report_failed_cb
                0x0800543c       0x20 ./TinyUSB/src/class/hid/hid_device.o
                0x0800543c                tud_hid_report_failed_cb
 .text.tud_hid_n_ready
                0x0800545c       0x84 ./TinyUSB/src/class/hid/hid_device.o
                0x0800545c                tud_hid_n_ready
 .text.tud_hid_n_report
                0x080054e0      0x110 ./TinyUSB/src/class/hid/hid_device.o
                0x080054e0                tud_hid_n_report
 .text.tud_hid_n_keyboard_report
                0x080055f0       0x5a ./TinyUSB/src/class/hid/hid_device.o
                0x080055f0                tud_hid_n_keyboard_report
 .text.tud_hid_n_mouse_report
                0x0800564a       0x50 ./TinyUSB/src/class/hid/hid_device.o
                0x0800564a                tud_hid_n_mouse_report
 .text.hidd_init
                0x0800569a        0xe ./TinyUSB/src/class/hid/hid_device.o
                0x0800569a                hidd_init
 .text.hidd_deinit
                0x080056a8        0xe ./TinyUSB/src/class/hid/hid_device.o
                0x080056a8                hidd_deinit
 *fill*         0x080056b6        0x2 
 .text.hidd_reset
                0x080056b8       0x20 ./TinyUSB/src/class/hid/hid_device.o
                0x080056b8                hidd_reset
 .text.hidd_open
                0x080056d8      0x20c ./TinyUSB/src/class/hid/hid_device.o
                0x080056d8                hidd_open
 .text.hidd_control_xfer_cb
                0x080058e4      0x3ec ./TinyUSB/src/class/hid/hid_device.o
                0x080058e4                hidd_control_xfer_cb
 .text.hidd_xfer_cb
                0x08005cd0      0x14c ./TinyUSB/src/class/hid/hid_device.o
                0x08005cd0                hidd_xfer_cb
 .text.tu_fifo_config
                0x08005e1c       0x64 ./TinyUSB/src/common/tusb_fifo.o
                0x08005e1c                tu_fifo_config
 .text._ff_push
                0x08005e80       0x3e ./TinyUSB/src/common/tusb_fifo.o
 .text._ff_push_n
                0x08005ebe       0xbe ./TinyUSB/src/common/tusb_fifo.o
 .text._ff_pull
                0x08005f7c       0x3e ./TinyUSB/src/common/tusb_fifo.o
 .text._ff_pull_n
                0x08005fba       0xbe ./TinyUSB/src/common/tusb_fifo.o
 .text.advance_index
                0x08006078       0x4a ./TinyUSB/src/common/tusb_fifo.o
 .text._tu_fifo_peek
                0x080060c2       0xcc ./TinyUSB/src/common/tusb_fifo.o
 .text._tu_fifo_peek_n
                0x0800618e       0xe0 ./TinyUSB/src/common/tusb_fifo.o
 .text._tu_fifo_write_n
                0x0800626e      0x1a2 ./TinyUSB/src/common/tusb_fifo.o
 .text._tu_fifo_read_n
                0x08006410       0x5e ./TinyUSB/src/common/tusb_fifo.o
 .text.tu_fifo_count
                0x0800646e       0x62 ./TinyUSB/src/common/tusb_fifo.o
                0x0800646e                tu_fifo_count
 .text.tu_fifo_empty
                0x080064d0       0x28 ./TinyUSB/src/common/tusb_fifo.o
                0x080064d0                tu_fifo_empty
 .text.tu_fifo_full
                0x080064f8       0x5a ./TinyUSB/src/common/tusb_fifo.o
                0x080064f8                tu_fifo_full
 .text.tu_fifo_remaining
                0x08006552       0x6e ./TinyUSB/src/common/tusb_fifo.o
                0x08006552                tu_fifo_remaining
 .text.tu_fifo_read
                0x080065c0       0x48 ./TinyUSB/src/common/tusb_fifo.o
                0x080065c0                tu_fifo_read
 .text.tu_fifo_read_n
                0x08006608       0x24 ./TinyUSB/src/common/tusb_fifo.o
                0x08006608                tu_fifo_read_n
 .text.tu_fifo_write
                0x0800662c       0x86 ./TinyUSB/src/common/tusb_fifo.o
                0x0800662c                tu_fifo_write
 .text.tu_fifo_write_n
                0x080066b2       0x24 ./TinyUSB/src/common/tusb_fifo.o
                0x080066b2                tu_fifo_write_n
 .text.tu_fifo_clear
                0x080066d6       0x20 ./TinyUSB/src/common/tusb_fifo.o
                0x080066d6                tu_fifo_clear
 .text.tu_fifo_set_overwritable
                0x080066f6       0x24 ./TinyUSB/src/common/tusb_fifo.o
                0x080066f6                tu_fifo_set_overwritable
 .text.tu_fifo_advance_write_pointer
                0x0800671a       0x2e ./TinyUSB/src/common/tusb_fifo.o
                0x0800671a                tu_fifo_advance_write_pointer
 .text.tu_fifo_advance_read_pointer
                0x08006748       0x2e ./TinyUSB/src/common/tusb_fifo.o
                0x08006748                tu_fifo_advance_read_pointer
 .text.tu_fifo_get_read_info
                0x08006776      0x140 ./TinyUSB/src/common/tusb_fifo.o
                0x08006776                tu_fifo_get_read_info
 .text.tu_fifo_get_write_info
                0x080068b6      0x126 ./TinyUSB/src/common/tusb_fifo.o
                0x080068b6                tu_fifo_get_write_info
 .text.tu_print_buf
                0x080069dc       0x44 ./TinyUSB/src/device/usbd.o
 .text.tud_event_hook_cb
                0x08006a20       0x1a ./TinyUSB/src/device/usbd.o
                0x08006a20                tud_event_hook_cb
 .text.tud_sof_cb
                0x08006a3a       0x12 ./TinyUSB/src/device/usbd.o
                0x08006a3a                tud_sof_cb
 .text.tud_descriptor_bos_cb
                0x08006a4c        0xe ./TinyUSB/src/device/usbd.o
                0x08006a4c                tud_descriptor_bos_cb
 .text.tud_descriptor_device_qualifier_cb
                0x08006a5a        0xe ./TinyUSB/src/device/usbd.o
                0x08006a5a                tud_descriptor_device_qualifier_cb
 .text.tud_descriptor_other_speed_configuration_cb
                0x08006a68       0x16 ./TinyUSB/src/device/usbd.o
                0x08006a68                tud_descriptor_other_speed_configuration_cb
 .text.tud_vendor_control_xfer_cb
                0x08006a7e       0x1c ./TinyUSB/src/device/usbd.o
                0x08006a7e                tud_vendor_control_xfer_cb
 .text.dcd_connect
                0x08006a9a       0x14 ./TinyUSB/src/device/usbd.o
                0x08006a9a                dcd_connect
 *fill*         0x08006aae        0x2 
 .text.usbd_driver_print_control_complete_name
                0x08006ab0       0x94 ./TinyUSB/src/device/usbd.o
                0x08006ab0                usbd_driver_print_control_complete_name
 .text.tud_mounted
                0x08006b44       0x20 ./TinyUSB/src/device/usbd.o
                0x08006b44                tud_mounted
 .text.tud_suspended
                0x08006b64       0x24 ./TinyUSB/src/device/usbd.o
                0x08006b64                tud_suspended
 .text.tud_remote_wakeup
                0x08006b88       0x4c ./TinyUSB/src/device/usbd.o
                0x08006b88                tud_remote_wakeup
 .text.tud_inited
                0x08006bd4       0x20 ./TinyUSB/src/device/usbd.o
                0x08006bd4                tud_inited
 .text.tud_rhport_init
                0x08006bf4      0x220 ./TinyUSB/src/device/usbd.o
                0x08006bf4                tud_rhport_init
 .text.configuration_reset
                0x08006e14       0xe0 ./TinyUSB/src/device/usbd.o
 .text.usbd_reset
                0x08006ef4       0x1e ./TinyUSB/src/device/usbd.o
 *fill*         0x08006f12        0x2 
 .text.tud_task_ext
                0x08006f14      0x440 ./TinyUSB/src/device/usbd.o
                0x08006f14                tud_task_ext
 .text.invoke_class_control
                0x08007354       0x40 ./TinyUSB/src/device/usbd.o
 .text.process_control_request
                0x08007394      0x65c ./TinyUSB/src/device/usbd.o
 .text.process_set_config
                0x080079f0      0x2bc ./TinyUSB/src/device/usbd.o
 .text.process_get_descriptor
                0x08007cac      0x21c ./TinyUSB/src/device/usbd.o
 .text.dcd_event_handler
                0x08007ec8      0x3fc ./TinyUSB/src/device/usbd.o
                0x08007ec8                dcd_event_handler
 .text.usbd_int_set
                0x080082c4       0x34 ./TinyUSB/src/device/usbd.o
                0x080082c4                usbd_int_set
 .text.usbd_open_edpt_pair
                0x080082f8       0xf0 ./TinyUSB/src/device/usbd.o
                0x080082f8                usbd_open_edpt_pair
 .text.usbd_edpt_open
                0x080083e8       0xa8 ./TinyUSB/src/device/usbd.o
                0x080083e8                usbd_edpt_open
 .text.usbd_edpt_claim
                0x08008490       0x54 ./TinyUSB/src/device/usbd.o
                0x08008490                usbd_edpt_claim
 .text.usbd_edpt_release
                0x080084e4       0x54 ./TinyUSB/src/device/usbd.o
                0x080084e4                usbd_edpt_release
 .text.usbd_edpt_xfer
                0x08008538      0x11c ./TinyUSB/src/device/usbd.o
                0x08008538                usbd_edpt_xfer
 .text.usbd_edpt_busy
                0x08008654       0x58 ./TinyUSB/src/device/usbd.o
                0x08008654                usbd_edpt_busy
 .text.usbd_edpt_stall
                0x080086ac       0x8c ./TinyUSB/src/device/usbd.o
                0x080086ac                usbd_edpt_stall
 .text.usbd_edpt_clear_stall
                0x08008738       0x8c ./TinyUSB/src/device/usbd.o
                0x08008738                usbd_edpt_clear_stall
 .text.usbd_edpt_stalled
                0x080087c4       0x58 ./TinyUSB/src/device/usbd.o
                0x080087c4                usbd_edpt_stalled
 .text.status_stage_xact
                0x0800881c       0x38 ./TinyUSB/src/device/usbd_control.o
 .text.tud_control_status
                0x08008854       0x40 ./TinyUSB/src/device/usbd_control.o
                0x08008854                tud_control_status
 .text.data_stage_xact
                0x08008894       0xa4 ./TinyUSB/src/device/usbd_control.o
 .text.tud_control_xfer
                0x08008938      0x104 ./TinyUSB/src/device/usbd_control.o
                0x08008938                tud_control_xfer
 .text.usbd_control_reset
                0x08008a3c       0x18 ./TinyUSB/src/device/usbd_control.o
                0x08008a3c                usbd_control_reset
 .text.usbd_control_set_complete_callback
                0x08008a54       0x1c ./TinyUSB/src/device/usbd_control.o
                0x08008a54                usbd_control_set_complete_callback
 .text.usbd_control_set_request
                0x08008a70       0x34 ./TinyUSB/src/device/usbd_control.o
                0x08008a70                usbd_control_set_request
 .text.usbd_control_xfer_cb
                0x08008aa4      0x1a4 ./TinyUSB/src/device/usbd_control.o
                0x08008aa4                usbd_control_xfer_cb
 .text.__NVIC_EnableIRQ
                0x08008c48       0x38 ./TinyUSB/src/portable/st/stm32_fsdev/dcd_stm32_fsdev.o
 .text.__NVIC_DisableIRQ
                0x08008c80       0x48 ./TinyUSB/src/portable/st/stm32_fsdev/dcd_stm32_fsdev.o
 .text.dcd_int_enable
                0x08008cc8       0x44 ./TinyUSB/src/portable/st/stm32_fsdev/dcd_stm32_fsdev.o
                0x08008cc8                dcd_int_enable
 .text.dcd_int_disable
                0x08008d0c       0x38 ./TinyUSB/src/portable/st/stm32_fsdev/dcd_stm32_fsdev.o
                0x08008d0c                dcd_int_disable
 .text.dcd_init
                0x08008d44       0xf8 ./TinyUSB/src/portable/st/stm32_fsdev/dcd_stm32_fsdev.o
                0x08008d44                dcd_init
 .text.dcd_sof_enable
                0x08008e3c       0x50 ./TinyUSB/src/portable/st/stm32_fsdev/dcd_stm32_fsdev.o
                0x08008e3c                dcd_sof_enable
 .text.dcd_set_address
                0x08008e8c       0x24 ./TinyUSB/src/portable/st/stm32_fsdev/dcd_stm32_fsdev.o
                0x08008e8c                dcd_set_address
 .text.dcd_remote_wakeup
                0x08008eb0       0x38 ./TinyUSB/src/portable/st/stm32_fsdev/dcd_stm32_fsdev.o
                0x08008eb0                dcd_remote_wakeup
 .text.handle_bus_reset
                0x08008ee8       0x7c ./TinyUSB/src/portable/st/stm32_fsdev/dcd_stm32_fsdev.o
 .text.handle_ctr_tx
                0x08008f64      0x15c ./TinyUSB/src/portable/st/stm32_fsdev/dcd_stm32_fsdev.o
 .text.handle_ctr_setup
                0x080090c0      0x20c ./TinyUSB/src/portable/st/stm32_fsdev/dcd_stm32_fsdev.o
 .text.handle_ctr_rx
                0x080092cc      0x430 ./TinyUSB/src/portable/st/stm32_fsdev/dcd_stm32_fsdev.o
 .text.dcd_int_handler
                0x080096fc      0x3a0 ./TinyUSB/src/portable/st/stm32_fsdev/dcd_stm32_fsdev.o
                0x080096fc                dcd_int_handler
 .text.dcd_edpt0_status_complete
                0x08009a9c      0x10c ./TinyUSB/src/portable/st/stm32_fsdev/dcd_stm32_fsdev.o
                0x08009a9c                dcd_edpt0_status_complete
 .text.dcd_pma_alloc
                0x08009ba8      0x100 ./TinyUSB/src/portable/st/stm32_fsdev/dcd_stm32_fsdev.o
 .text.dcd_ep_alloc
                0x08009ca8      0x150 ./TinyUSB/src/portable/st/stm32_fsdev/dcd_stm32_fsdev.o
 .text.edpt0_open
                0x08009df8      0x220 ./TinyUSB/src/portable/st/stm32_fsdev/dcd_stm32_fsdev.o
 .text.dcd_edpt_open
                0x0800a018      0x270 ./TinyUSB/src/portable/st/stm32_fsdev/dcd_stm32_fsdev.o
                0x0800a018                dcd_edpt_open
 .text.dcd_edpt_close_all
                0x0800a288       0xa8 ./TinyUSB/src/portable/st/stm32_fsdev/dcd_stm32_fsdev.o
                0x0800a288                dcd_edpt_close_all
 .text.dcd_transmit_packet
                0x0800a330      0x1c4 ./TinyUSB/src/portable/st/stm32_fsdev/dcd_stm32_fsdev.o
 .text.edpt_xfer
                0x0800a4f4      0x3d0 ./TinyUSB/src/portable/st/stm32_fsdev/dcd_stm32_fsdev.o
 .text.dcd_edpt_xfer
                0x0800a8c4       0x7c ./TinyUSB/src/portable/st/stm32_fsdev/dcd_stm32_fsdev.o
                0x0800a8c4                dcd_edpt_xfer
 .text.dcd_edpt_stall
                0x0800a940      0x108 ./TinyUSB/src/portable/st/stm32_fsdev/dcd_stm32_fsdev.o
                0x0800a940                dcd_edpt_stall
 .text.dcd_edpt_clear_stall
                0x0800aa48      0x170 ./TinyUSB/src/portable/st/stm32_fsdev/dcd_stm32_fsdev.o
                0x0800aa48                dcd_edpt_clear_stall
 .text.dcd_write_packet_memory
                0x0800abb8       0xae ./TinyUSB/src/portable/st/stm32_fsdev/dcd_stm32_fsdev.o
 .text.dcd_read_packet_memory
                0x0800ac66       0xa0 ./TinyUSB/src/portable/st/stm32_fsdev/dcd_stm32_fsdev.o
 .text.dcd_write_packet_memory_ff
                0x0800ad06      0x148 ./TinyUSB/src/portable/st/stm32_fsdev/dcd_stm32_fsdev.o
 .text.dcd_read_packet_memory_ff
                0x0800ae4e      0x12c ./TinyUSB/src/portable/st/stm32_fsdev/dcd_stm32_fsdev.o
 *fill*         0x0800af7a        0x2 
 .text.tusb_rhport_init
                0x0800af7c       0x9c ./TinyUSB/src/tusb.o
                0x0800af7c                tusb_rhport_init
 .text.tu_edpt_claim
                0x0800b018       0x72 ./TinyUSB/src/tusb.o
                0x0800b018                tu_edpt_claim
 .text.tu_edpt_release
                0x0800b08a       0x52 ./TinyUSB/src/tusb.o
                0x0800b08a                tu_edpt_release
 .text.tu_edpt_validate
                0x0800b0dc      0x138 ./TinyUSB/src/tusb.o
                0x0800b0dc                tu_edpt_validate
 .text.tu_edpt_bind_driver
                0x0800b214       0x98 ./TinyUSB/src/tusb.o
                0x0800b214                tu_edpt_bind_driver
 .text.dump_str_line
                0x0800b2ac       0x68 ./TinyUSB/src/tusb.o
 .text.tu_print_mem
                0x0800b314      0x19c ./TinyUSB/src/tusb.o
                0x0800b314                tu_print_mem
 .text.std      0x0800b4b0       0x6c C:/ST/STM32CubeIDE_1.16.0/STM32CubeIDE/plugins/com.st.stm32cube.ide.mcu.externaltools.gnu-tools-for-stm32.12.3.rel1.win32_1.0.200.202406191623/tools/bin/../lib/gcc/arm-none-eabi/12.3.1/../../../../arm-none-eabi/lib/thumb/v7-m/nofp\libc_nano.a(libc_a-findfp.o)
 .text.stdio_exit_handler
                0x0800b51c       0x18 C:/ST/STM32CubeIDE_1.16.0/STM32CubeIDE/plugins/com.st.stm32cube.ide.mcu.externaltools.gnu-tools-for-stm32.12.3.rel1.win32_1.0.200.202406191623/tools/bin/../lib/gcc/arm-none-eabi/12.3.1/../../../../arm-none-eabi/lib/thumb/v7-m/nofp\libc_nano.a(libc_a-findfp.o)
 .text.cleanup_stdio
                0x0800b534       0x40 C:/ST/STM32CubeIDE_1.16.0/STM32CubeIDE/plugins/com.st.stm32cube.ide.mcu.externaltools.gnu-tools-for-stm32.12.3.rel1.win32_1.0.200.202406191623/tools/bin/../lib/gcc/arm-none-eabi/12.3.1/../../../../arm-none-eabi/lib/thumb/v7-m/nofp\libc_nano.a(libc_a-findfp.o)
 .text.global_stdio_init.part.0
                0x0800b574       0x3c C:/ST/STM32CubeIDE_1.16.0/STM32CubeIDE/plugins/com.st.stm32cube.ide.mcu.externaltools.gnu-tools-for-stm32.12.3.rel1.win32_1.0.200.202406191623/tools/bin/../lib/gcc/arm-none-eabi/12.3.1/../../../../arm-none-eabi/lib/thumb/v7-m/nofp\libc_nano.a(libc_a-findfp.o)
 .text.__sfp_lock_acquire
                0x0800b5b0        0xc C:/ST/STM32CubeIDE_1.16.0/STM32CubeIDE/plugins/com.st.stm32cube.ide.mcu.externaltools.gnu-tools-for-stm32.12.3.rel1.win32_1.0.200.202406191623/tools/bin/../lib/gcc/arm-none-eabi/12.3.1/../../../../arm-none-eabi/lib/thumb/v7-m/nofp\libc_nano.a(libc_a-findfp.o)
                0x0800b5b0                __sfp_lock_acquire
 .text.__sfp_lock_release
                0x0800b5bc        0xc C:/ST/STM32CubeIDE_1.16.0/STM32CubeIDE/plugins/com.st.stm32cube.ide.mcu.externaltools.gnu-tools-for-stm32.12.3.rel1.win32_1.0.200.202406191623/tools/bin/../lib/gcc/arm-none-eabi/12.3.1/../../../../arm-none-eabi/lib/thumb/v7-m/nofp\libc_nano.a(libc_a-findfp.o)
                0x0800b5bc                __sfp_lock_release
 .text.__sinit  0x0800b5c8       0x30 C:/ST/STM32CubeIDE_1.16.0/STM32CubeIDE/plugins/com.st.stm32cube.ide.mcu.externaltools.gnu-tools-for-stm32.12.3.rel1.win32_1.0.200.202406191623/tools/bin/../lib/gcc/arm-none-eabi/12.3.1/../../../../arm-none-eabi/lib/thumb/v7-m/nofp\libc_nano.a(libc_a-findfp.o)
                0x0800b5c8                __sinit
 .text._fwalk_sglue
                0x0800b5f8       0x3c C:/ST/STM32CubeIDE_1.16.0/STM32CubeIDE/plugins/com.st.stm32cube.ide.mcu.externaltools.gnu-tools-for-stm32.12.3.rel1.win32_1.0.200.202406191623/tools/bin/../lib/gcc/arm-none-eabi/12.3.1/../../../../arm-none-eabi/lib/thumb/v7-m/nofp\libc_nano.a(libc_a-fwalk.o)
                0x0800b5f8                _fwalk_sglue
 .text.printf   0x0800b634       0x24 C:/ST/STM32CubeIDE_1.16.0/STM32CubeIDE/plugins/com.st.stm32cube.ide.mcu.externaltools.gnu-tools-for-stm32.12.3.rel1.win32_1.0.200.202406191623/tools/bin/../lib/gcc/arm-none-eabi/12.3.1/../../../../arm-none-eabi/lib/thumb/v7-m/nofp\libc_nano.a(libc_a-printf.o)
                0x0800b634                iprintf
                0x0800b634                printf
 .text.putchar  0x0800b658       0x10 C:/ST/STM32CubeIDE_1.16.0/STM32CubeIDE/plugins/com.st.stm32cube.ide.mcu.externaltools.gnu-tools-for-stm32.12.3.rel1.win32_1.0.200.202406191623/tools/bin/../lib/gcc/arm-none-eabi/12.3.1/../../../../arm-none-eabi/lib/thumb/v7-m/nofp\libc_nano.a(libc_a-putchar.o)
                0x0800b658                putchar
 .text._puts_r  0x0800b668       0xaa C:/ST/STM32CubeIDE_1.16.0/STM32CubeIDE/plugins/com.st.stm32cube.ide.mcu.externaltools.gnu-tools-for-stm32.12.3.rel1.win32_1.0.200.202406191623/tools/bin/../lib/gcc/arm-none-eabi/12.3.1/../../../../arm-none-eabi/lib/thumb/v7-m/nofp\libc_nano.a(libc_a-puts.o)
                0x0800b668                _puts_r
 *fill*         0x0800b712        0x2 
 .text.puts     0x0800b714       0x10 C:/ST/STM32CubeIDE_1.16.0/STM32CubeIDE/plugins/com.st.stm32cube.ide.mcu.externaltools.gnu-tools-for-stm32.12.3.rel1.win32_1.0.200.202406191623/tools/bin/../lib/gcc/arm-none-eabi/12.3.1/../../../../arm-none-eabi/lib/thumb/v7-m/nofp\libc_nano.a(libc_a-puts.o)
                0x0800b714                puts
 .text.snprintf
                0x0800b724       0x68 C:/ST/STM32CubeIDE_1.16.0/STM32CubeIDE/plugins/com.st.stm32cube.ide.mcu.externaltools.gnu-tools-for-stm32.12.3.rel1.win32_1.0.200.202406191623/tools/bin/../lib/gcc/arm-none-eabi/12.3.1/../../../../arm-none-eabi/lib/thumb/v7-m/nofp\libc_nano.a(libc_a-snprintf.o)
                0x0800b724                sniprintf
                0x0800b724                snprintf
 .text.__sread  0x0800b78c       0x22 C:/ST/STM32CubeIDE_1.16.0/STM32CubeIDE/plugins/com.st.stm32cube.ide.mcu.externaltools.gnu-tools-for-stm32.12.3.rel1.win32_1.0.200.202406191623/tools/bin/../lib/gcc/arm-none-eabi/12.3.1/../../../../arm-none-eabi/lib/thumb/v7-m/nofp\libc_nano.a(libc_a-stdio.o)
                0x0800b78c                __sread
 .text.__swrite
                0x0800b7ae       0x38 C:/ST/STM32CubeIDE_1.16.0/STM32CubeIDE/plugins/com.st.stm32cube.ide.mcu.externaltools.gnu-tools-for-stm32.12.3.rel1.win32_1.0.200.202406191623/tools/bin/../lib/gcc/arm-none-eabi/12.3.1/../../../../arm-none-eabi/lib/thumb/v7-m/nofp\libc_nano.a(libc_a-stdio.o)
                0x0800b7ae                __swrite
 .text.__sseek  0x0800b7e6       0x24 C:/ST/STM32CubeIDE_1.16.0/STM32CubeIDE/plugins/com.st.stm32cube.ide.mcu.externaltools.gnu-tools-for-stm32.12.3.rel1.win32_1.0.200.202406191623/tools/bin/../lib/gcc/arm-none-eabi/12.3.1/../../../../arm-none-eabi/lib/thumb/v7-m/nofp\libc_nano.a(libc_a-stdio.o)
                0x0800b7e6                __sseek
 .text.__sclose
                0x0800b80a        0x8 C:/ST/STM32CubeIDE_1.16.0/STM32CubeIDE/plugins/com.st.stm32cube.ide.mcu.externaltools.gnu-tools-for-stm32.12.3.rel1.win32_1.0.200.202406191623/tools/bin/../lib/gcc/arm-none-eabi/12.3.1/../../../../arm-none-eabi/lib/thumb/v7-m/nofp\libc_nano.a(libc_a-stdio.o)
                0x0800b80a                __sclose
 .text.__swbuf_r
                0x0800b812       0x7c C:/ST/STM32CubeIDE_1.16.0/STM32CubeIDE/plugins/com.st.stm32cube.ide.mcu.externaltools.gnu-tools-for-stm32.12.3.rel1.win32_1.0.200.202406191623/tools/bin/../lib/gcc/arm-none-eabi/12.3.1/../../../../arm-none-eabi/lib/thumb/v7-m/nofp\libc_nano.a(libc_a-wbuf.o)
                0x0800b812                __swbuf_r
 *fill*         0x0800b88e        0x2 
 .text.__swsetup_r
                0x0800b890       0xac C:/ST/STM32CubeIDE_1.16.0/STM32CubeIDE/plugins/com.st.stm32cube.ide.mcu.externaltools.gnu-tools-for-stm32.12.3.rel1.win32_1.0.200.202406191623/tools/bin/../lib/gcc/arm-none-eabi/12.3.1/../../../../arm-none-eabi/lib/thumb/v7-m/nofp\libc_nano.a(libc_a-wsetup.o)
                0x0800b890                __swsetup_r
 .text.memset   0x0800b93c       0x10 C:/ST/STM32CubeIDE_1.16.0/STM32CubeIDE/plugins/com.st.stm32cube.ide.mcu.externaltools.gnu-tools-for-stm32.12.3.rel1.win32_1.0.200.202406191623/tools/bin/../lib/gcc/arm-none-eabi/12.3.1/../../../../arm-none-eabi/lib/thumb/v7-m/nofp\libc_nano.a(libc_a-memset.o)
                0x0800b93c                memset
 .text._close_r
                0x0800b94c       0x20 C:/ST/STM32CubeIDE_1.16.0/STM32CubeIDE/plugins/com.st.stm32cube.ide.mcu.externaltools.gnu-tools-for-stm32.12.3.rel1.win32_1.0.200.202406191623/tools/bin/../lib/gcc/arm-none-eabi/12.3.1/../../../../arm-none-eabi/lib/thumb/v7-m/nofp\libc_nano.a(libc_a-closer.o)
                0x0800b94c                _close_r
 .text._lseek_r
                0x0800b96c       0x24 C:/ST/STM32CubeIDE_1.16.0/STM32CubeIDE/plugins/com.st.stm32cube.ide.mcu.externaltools.gnu-tools-for-stm32.12.3.rel1.win32_1.0.200.202406191623/tools/bin/../lib/gcc/arm-none-eabi/12.3.1/../../../../arm-none-eabi/lib/thumb/v7-m/nofp\libc_nano.a(libc_a-lseekr.o)
                0x0800b96c                _lseek_r
 .text._read_r  0x0800b990       0x24 C:/ST/STM32CubeIDE_1.16.0/STM32CubeIDE/plugins/com.st.stm32cube.ide.mcu.externaltools.gnu-tools-for-stm32.12.3.rel1.win32_1.0.200.202406191623/tools/bin/../lib/gcc/arm-none-eabi/12.3.1/../../../../arm-none-eabi/lib/thumb/v7-m/nofp\libc_nano.a(libc_a-readr.o)
                0x0800b990                _read_r
 .text._write_r
                0x0800b9b4       0x24 C:/ST/STM32CubeIDE_1.16.0/STM32CubeIDE/plugins/com.st.stm32cube.ide.mcu.externaltools.gnu-tools-for-stm32.12.3.rel1.win32_1.0.200.202406191623/tools/bin/../lib/gcc/arm-none-eabi/12.3.1/../../../../arm-none-eabi/lib/thumb/v7-m/nofp\libc_nano.a(libc_a-writer.o)
                0x0800b9b4                _write_r
 .text.__errno  0x0800b9d8        0xc C:/ST/STM32CubeIDE_1.16.0/STM32CubeIDE/plugins/com.st.stm32cube.ide.mcu.externaltools.gnu-tools-for-stm32.12.3.rel1.win32_1.0.200.202406191623/tools/bin/../lib/gcc/arm-none-eabi/12.3.1/../../../../arm-none-eabi/lib/thumb/v7-m/nofp\libc_nano.a(libc_a-errno.o)
                0x0800b9d8                __errno
 .text.__libc_init_array
                0x0800b9e4       0x48 C:/ST/STM32CubeIDE_1.16.0/STM32CubeIDE/plugins/com.st.stm32cube.ide.mcu.externaltools.gnu-tools-for-stm32.12.3.rel1.win32_1.0.200.202406191623/tools/bin/../lib/gcc/arm-none-eabi/12.3.1/../../../../arm-none-eabi/lib/thumb/v7-m/nofp\libc_nano.a(libc_a-init.o)
                0x0800b9e4                __libc_init_array
 .text.__retarget_lock_init_recursive
                0x0800ba2c        0x2 C:/ST/STM32CubeIDE_1.16.0/STM32CubeIDE/plugins/com.st.stm32cube.ide.mcu.externaltools.gnu-tools-for-stm32.12.3.rel1.win32_1.0.200.202406191623/tools/bin/../lib/gcc/arm-none-eabi/12.3.1/../../../../arm-none-eabi/lib/thumb/v7-m/nofp\libc_nano.a(libc_a-lock.o)
                0x0800ba2c                __retarget_lock_init_recursive
 .text.__retarget_lock_acquire_recursive
                0x0800ba2e        0x2 C:/ST/STM32CubeIDE_1.16.0/STM32CubeIDE/plugins/com.st.stm32cube.ide.mcu.externaltools.gnu-tools-for-stm32.12.3.rel1.win32_1.0.200.202406191623/tools/bin/../lib/gcc/arm-none-eabi/12.3.1/../../../../arm-none-eabi/lib/thumb/v7-m/nofp\libc_nano.a(libc_a-lock.o)
                0x0800ba2e                __retarget_lock_acquire_recursive
 .text.__retarget_lock_release_recursive
                0x0800ba30        0x2 C:/ST/STM32CubeIDE_1.16.0/STM32CubeIDE/plugins/com.st.stm32cube.ide.mcu.externaltools.gnu-tools-for-stm32.12.3.rel1.win32_1.0.200.202406191623/tools/bin/../lib/gcc/arm-none-eabi/12.3.1/../../../../arm-none-eabi/lib/thumb/v7-m/nofp\libc_nano.a(libc_a-lock.o)
                0x0800ba30                __retarget_lock_release_recursive
 .text.memcpy   0x0800ba32       0x1c C:/ST/STM32CubeIDE_1.16.0/STM32CubeIDE/plugins/com.st.stm32cube.ide.mcu.externaltools.gnu-tools-for-stm32.12.3.rel1.win32_1.0.200.202406191623/tools/bin/../lib/gcc/arm-none-eabi/12.3.1/../../../../arm-none-eabi/lib/thumb/v7-m/nofp\libc_nano.a(libc_a-memcpy-stub.o)
                0x0800ba32                memcpy
 *fill*         0x0800ba4e        0x2 
 .text._free_r  0x0800ba50       0x90 C:/ST/STM32CubeIDE_1.16.0/STM32CubeIDE/plugins/com.st.stm32cube.ide.mcu.externaltools.gnu-tools-for-stm32.12.3.rel1.win32_1.0.200.202406191623/tools/bin/../lib/gcc/arm-none-eabi/12.3.1/../../../../arm-none-eabi/lib/thumb/v7-m/nofp\libc_nano.a(libc_a-freer.o)
                0x0800ba50                _free_r
 .text.sbrk_aligned
                0x0800bae0       0x44 C:/ST/STM32CubeIDE_1.16.0/STM32CubeIDE/plugins/com.st.stm32cube.ide.mcu.externaltools.gnu-tools-for-stm32.12.3.rel1.win32_1.0.200.202406191623/tools/bin/../lib/gcc/arm-none-eabi/12.3.1/../../../../arm-none-eabi/lib/thumb/v7-m/nofp\libc_nano.a(libc_a-mallocr.o)
 .text._malloc_r
                0x0800bb24      0x100 C:/ST/STM32CubeIDE_1.16.0/STM32CubeIDE/plugins/com.st.stm32cube.ide.mcu.externaltools.gnu-tools-for-stm32.12.3.rel1.win32_1.0.200.202406191623/tools/bin/../lib/gcc/arm-none-eabi/12.3.1/../../../../arm-none-eabi/lib/thumb/v7-m/nofp\libc_nano.a(libc_a-mallocr.o)
                0x0800bb24                _malloc_r
 .text.__malloc_lock
                0x0800bc24        0xc C:/ST/STM32CubeIDE_1.16.0/STM32CubeIDE/plugins/com.st.stm32cube.ide.mcu.externaltools.gnu-tools-for-stm32.12.3.rel1.win32_1.0.200.202406191623/tools/bin/../lib/gcc/arm-none-eabi/12.3.1/../../../../arm-none-eabi/lib/thumb/v7-m/nofp\libc_nano.a(libc_a-mlock.o)
                0x0800bc24                __malloc_lock
 .text.__malloc_unlock
                0x0800bc30        0xc C:/ST/STM32CubeIDE_1.16.0/STM32CubeIDE/plugins/com.st.stm32cube.ide.mcu.externaltools.gnu-tools-for-stm32.12.3.rel1.win32_1.0.200.202406191623/tools/bin/../lib/gcc/arm-none-eabi/12.3.1/../../../../arm-none-eabi/lib/thumb/v7-m/nofp\libc_nano.a(libc_a-mlock.o)
                0x0800bc30                __malloc_unlock
 .text.__ssputs_r
                0x0800bc3c       0xb6 C:/ST/STM32CubeIDE_1.16.0/STM32CubeIDE/plugins/com.st.stm32cube.ide.mcu.externaltools.gnu-tools-for-stm32.12.3.rel1.win32_1.0.200.202406191623/tools/bin/../lib/gcc/arm-none-eabi/12.3.1/../../../../arm-none-eabi/lib/thumb/v7-m/nofp\libc_nano.a(libc_a-nano-svfprintf.o)
                0x0800bc3c                __ssputs_r
 *fill*         0x0800bcf2        0x2 
 .text._svfprintf_r
                0x0800bcf4      0x1f8 C:/ST/STM32CubeIDE_1.16.0/STM32CubeIDE/plugins/com.st.stm32cube.ide.mcu.externaltools.gnu-tools-for-stm32.12.3.rel1.win32_1.0.200.202406191623/tools/bin/../lib/gcc/arm-none-eabi/12.3.1/../../../../arm-none-eabi/lib/thumb/v7-m/nofp\libc_nano.a(libc_a-nano-svfprintf.o)
                0x0800bcf4                _svfiprintf_r
                0x0800bcf4                _svfprintf_r
 .text.__sfputc_r
                0x0800beec       0x2a C:/ST/STM32CubeIDE_1.16.0/STM32CubeIDE/plugins/com.st.stm32cube.ide.mcu.externaltools.gnu-tools-for-stm32.12.3.rel1.win32_1.0.200.202406191623/tools/bin/../lib/gcc/arm-none-eabi/12.3.1/../../../../arm-none-eabi/lib/thumb/v7-m/nofp\libc_nano.a(libc_a-nano-vfprintf.o)
 .text.__sfputs_r
                0x0800bf16       0x24 C:/ST/STM32CubeIDE_1.16.0/STM32CubeIDE/plugins/com.st.stm32cube.ide.mcu.externaltools.gnu-tools-for-stm32.12.3.rel1.win32_1.0.200.202406191623/tools/bin/../lib/gcc/arm-none-eabi/12.3.1/../../../../arm-none-eabi/lib/thumb/v7-m/nofp\libc_nano.a(libc_a-nano-vfprintf.o)
                0x0800bf16                __sfputs_r
 *fill*         0x0800bf3a        0x2 
 .text._vfprintf_r
                0x0800bf3c      0x230 C:/ST/STM32CubeIDE_1.16.0/STM32CubeIDE/plugins/com.st.stm32cube.ide.mcu.externaltools.gnu-tools-for-stm32.12.3.rel1.win32_1.0.200.202406191623/tools/bin/../lib/gcc/arm-none-eabi/12.3.1/../../../../arm-none-eabi/lib/thumb/v7-m/nofp\libc_nano.a(libc_a-nano-vfprintf.o)
                0x0800bf3c                _vfprintf_r
                0x0800bf3c                _vfiprintf_r
 .text._printf_common
                0x0800c16c       0xe4 C:/ST/STM32CubeIDE_1.16.0/STM32CubeIDE/plugins/com.st.stm32cube.ide.mcu.externaltools.gnu-tools-for-stm32.12.3.rel1.win32_1.0.200.202406191623/tools/bin/../lib/gcc/arm-none-eabi/12.3.1/../../../../arm-none-eabi/lib/thumb/v7-m/nofp\libc_nano.a(libc_a-nano-vfprintf_i.o)
                0x0800c16c                _printf_common
 .text._printf_i
                0x0800c250      0x240 C:/ST/STM32CubeIDE_1.16.0/STM32CubeIDE/plugins/com.st.stm32cube.ide.mcu.externaltools.gnu-tools-for-stm32.12.3.rel1.win32_1.0.200.202406191623/tools/bin/../lib/gcc/arm-none-eabi/12.3.1/../../../../arm-none-eabi/lib/thumb/v7-m/nofp\libc_nano.a(libc_a-nano-vfprintf_i.o)
                0x0800c250                _printf_i
 .text.__sflush_r
                0x0800c490      0x100 C:/ST/STM32CubeIDE_1.16.0/STM32CubeIDE/plugins/com.st.stm32cube.ide.mcu.externaltools.gnu-tools-for-stm32.12.3.rel1.win32_1.0.200.202406191623/tools/bin/../lib/gcc/arm-none-eabi/12.3.1/../../../../arm-none-eabi/lib/thumb/v7-m/nofp\libc_nano.a(libc_a-fflush.o)
                0x0800c490                __sflush_r
 .text._fflush_r
                0x0800c590       0x50 C:/ST/STM32CubeIDE_1.16.0/STM32CubeIDE/plugins/com.st.stm32cube.ide.mcu.externaltools.gnu-tools-for-stm32.12.3.rel1.win32_1.0.200.202406191623/tools/bin/../lib/gcc/arm-none-eabi/12.3.1/../../../../arm-none-eabi/lib/thumb/v7-m/nofp\libc_nano.a(libc_a-fflush.o)
                0x0800c590                _fflush_r
 .text.__swhatbuf_r
                0x0800c5e0       0x4a C:/ST/STM32CubeIDE_1.16.0/STM32CubeIDE/plugins/com.st.stm32cube.ide.mcu.externaltools.gnu-tools-for-stm32.12.3.rel1.win32_1.0.200.202406191623/tools/bin/../lib/gcc/arm-none-eabi/12.3.1/../../../../arm-none-eabi/lib/thumb/v7-m/nofp\libc_nano.a(libc_a-makebuf.o)
                0x0800c5e0                __swhatbuf_r
 .text.__smakebuf_r
                0x0800c62a       0x78 C:/ST/STM32CubeIDE_1.16.0/STM32CubeIDE/plugins/com.st.stm32cube.ide.mcu.externaltools.gnu-tools-for-stm32.12.3.rel1.win32_1.0.200.202406191623/tools/bin/../lib/gcc/arm-none-eabi/12.3.1/../../../../arm-none-eabi/lib/thumb/v7-m/nofp\libc_nano.a(libc_a-makebuf.o)
                0x0800c62a                __smakebuf_r
 .text._putc_r  0x0800c6a2       0x68 C:/ST/STM32CubeIDE_1.16.0/STM32CubeIDE/plugins/com.st.stm32cube.ide.mcu.externaltools.gnu-tools-for-stm32.12.3.rel1.win32_1.0.200.202406191623/tools/bin/../lib/gcc/arm-none-eabi/12.3.1/../../../../arm-none-eabi/lib/thumb/v7-m/nofp\libc_nano.a(libc_a-putc.o)
                0x0800c6a2                _putc_r
 .text.memmove  0x0800c70a       0x34 C:/ST/STM32CubeIDE_1.16.0/STM32CubeIDE/plugins/com.st.stm32cube.ide.mcu.externaltools.gnu-tools-for-stm32.12.3.rel1.win32_1.0.200.202406191623/tools/bin/../lib/gcc/arm-none-eabi/12.3.1/../../../../arm-none-eabi/lib/thumb/v7-m/nofp\libc_nano.a(libc_a-memmove.o)
                0x0800c70a                memmove
 *fill*         0x0800c73e        0x2 
 .text._fstat_r
                0x0800c740       0x24 C:/ST/STM32CubeIDE_1.16.0/STM32CubeIDE/plugins/com.st.stm32cube.ide.mcu.externaltools.gnu-tools-for-stm32.12.3.rel1.win32_1.0.200.202406191623/tools/bin/../lib/gcc/arm-none-eabi/12.3.1/../../../../arm-none-eabi/lib/thumb/v7-m/nofp\libc_nano.a(libc_a-fstatr.o)
                0x0800c740                _fstat_r
 .text._isatty_r
                0x0800c764       0x20 C:/ST/STM32CubeIDE_1.16.0/STM32CubeIDE/plugins/com.st.stm32cube.ide.mcu.externaltools.gnu-tools-for-stm32.12.3.rel1.win32_1.0.200.202406191623/tools/bin/../lib/gcc/arm-none-eabi/12.3.1/../../../../arm-none-eabi/lib/thumb/v7-m/nofp\libc_nano.a(libc_a-isattyr.o)
                0x0800c764                _isatty_r
 .text._sbrk_r  0x0800c784       0x20 C:/ST/STM32CubeIDE_1.16.0/STM32CubeIDE/plugins/com.st.stm32cube.ide.mcu.externaltools.gnu-tools-for-stm32.12.3.rel1.win32_1.0.200.202406191623/tools/bin/../lib/gcc/arm-none-eabi/12.3.1/../../../../arm-none-eabi/lib/thumb/v7-m/nofp\libc_nano.a(libc_a-sbrkr.o)
                0x0800c784                _sbrk_r
 .text.memchr   0x0800c7a4       0x1c C:/ST/STM32CubeIDE_1.16.0/STM32CubeIDE/plugins/com.st.stm32cube.ide.mcu.externaltools.gnu-tools-for-stm32.12.3.rel1.win32_1.0.200.202406191623/tools/bin/../lib/gcc/arm-none-eabi/12.3.1/../../../../arm-none-eabi/lib/thumb/v7-m/nofp\libc_nano.a(libc_a-memchr-stub.o)
                0x0800c7a4                memchr
 .text._realloc_r
                0x0800c7c0       0x5c C:/ST/STM32CubeIDE_1.16.0/STM32CubeIDE/plugins/com.st.stm32cube.ide.mcu.externaltools.gnu-tools-for-stm32.12.3.rel1.win32_1.0.200.202406191623/tools/bin/../lib/gcc/arm-none-eabi/12.3.1/../../../../arm-none-eabi/lib/thumb/v7-m/nofp\libc_nano.a(libc_a-reallocr.o)
                0x0800c7c0                _realloc_r
 .text._malloc_usable_size_r
                0x0800c81c       0x10 C:/ST/STM32CubeIDE_1.16.0/STM32CubeIDE/plugins/com.st.stm32cube.ide.mcu.externaltools.gnu-tools-for-stm32.12.3.rel1.win32_1.0.200.202406191623/tools/bin/../lib/gcc/arm-none-eabi/12.3.1/../../../../arm-none-eabi/lib/thumb/v7-m/nofp\libc_nano.a(libc_a-msizer.o)
                0x0800c81c                _malloc_usable_size_r
 *(.glue_7)
 .glue_7        0x0800c82c        0x0 linker stubs
 *(.glue_7t)
 .glue_7t       0x0800c82c        0x0 linker stubs
 *(.eh_frame)
 .eh_frame      0x0800c82c        0x0 C:/ST/STM32CubeIDE_1.16.0/STM32CubeIDE/plugins/com.st.stm32cube.ide.mcu.externaltools.gnu-tools-for-stm32.12.3.rel1.win32_1.0.200.202406191623/tools/bin/../lib/gcc/arm-none-eabi/12.3.1/thumb/v7-m/nofp/crtbegin.o
 *(.init)
 .init          0x0800c82c        0x4 C:/ST/STM32CubeIDE_1.16.0/STM32CubeIDE/plugins/com.st.stm32cube.ide.mcu.externaltools.gnu-tools-for-stm32.12.3.rel1.win32_1.0.200.202406191623/tools/bin/../lib/gcc/arm-none-eabi/12.3.1/thumb/v7-m/nofp/crti.o
                0x0800c82c                _init
 .init          0x0800c830        0x8 C:/ST/STM32CubeIDE_1.16.0/STM32CubeIDE/plugins/com.st.stm32cube.ide.mcu.externaltools.gnu-tools-for-stm32.12.3.rel1.win32_1.0.200.202406191623/tools/bin/../lib/gcc/arm-none-eabi/12.3.1/thumb/v7-m/nofp/crtn.o
 *(.fini)
 .fini          0x0800c838        0x4 C:/ST/STM32CubeIDE_1.16.0/STM32CubeIDE/plugins/com.st.stm32cube.ide.mcu.externaltools.gnu-tools-for-stm32.12.3.rel1.win32_1.0.200.202406191623/tools/bin/../lib/gcc/arm-none-eabi/12.3.1/thumb/v7-m/nofp/crti.o
                0x0800c838                _fini
 .fini          0x0800c83c        0x8 C:/ST/STM32CubeIDE_1.16.0/STM32CubeIDE/plugins/com.st.stm32cube.ide.mcu.externaltools.gnu-tools-for-stm32.12.3.rel1.win32_1.0.200.202406191623/tools/bin/../lib/gcc/arm-none-eabi/12.3.1/thumb/v7-m/nofp/crtn.o
                0x0800c844                        . = ALIGN (0x4)
                0x0800c844                        _etext = .

.vfp11_veneer   0x0800c844        0x0
 .vfp11_veneer  0x0800c844        0x0 linker stubs

.v4_bx          0x0800c844        0x0
 .v4_bx         0x0800c844        0x0 linker stubs

.iplt           0x0800c844        0x0
 .iplt          0x0800c844        0x0 C:/ST/STM32CubeIDE_1.16.0/STM32CubeIDE/plugins/com.st.stm32cube.ide.mcu.externaltools.gnu-tools-for-stm32.12.3.rel1.win32_1.0.200.202406191623/tools/bin/../lib/gcc/arm-none-eabi/12.3.1/thumb/v7-m/nofp/crtbegin.o

.rodata         0x0800c844      0xafc
                0x0800c844                        . = ALIGN (0x4)
 *(.rodata)
 .rodata        0x0800c844       0x12 ./Core/Src/main.o
 *fill*         0x0800c856        0x2 
 .rodata        0x0800c858       0x30 ./Core/Src/usb_descriptors.o
 .rodata        0x0800c888       0x7e ./TinyUSB/src/class/cdc/cdc_device.o
 *fill*         0x0800c906        0x2 
 .rodata        0x0800c908       0x17 ./TinyUSB/src/class/hid/hid_device.o
 *fill*         0x0800c91f        0x1 
 .rodata        0x0800c920      0x3ee ./TinyUSB/src/device/usbd.o
 *fill*         0x0800cd0e        0x2 
 .rodata        0x0800cd10       0x17 ./TinyUSB/src/device/usbd_control.o
 *fill*         0x0800cd27        0x1 
 .rodata        0x0800cd28       0x17 ./TinyUSB/src/portable/st/stm32_fsdev/dcd_stm32_fsdev.o
 *fill*         0x0800cd3f        0x1 
 .rodata        0x0800cd40      0x15d ./TinyUSB/src/tusb.o
 *(.rodata*)
 *fill*         0x0800ce9d        0x3 
 .rodata.AHBPrescTable
                0x0800cea0       0x10 ./Core/Src/system_stm32f1xx.o
                0x0800cea0                AHBPrescTable
 .rodata.desc_device
                0x0800ceb0       0x12 ./Core/Src/usb_descriptors.o
                0x0800ceb0                desc_device
 *fill*         0x0800cec2        0x2 
 .rodata.desc_hid_report1
                0x0800cec4       0x2e ./Core/Src/usb_descriptors.o
                0x0800cec4                desc_hid_report1
 *fill*         0x0800cef2        0x2 
 .rodata.desc_hid_report2
                0x0800cef4       0x4d ./Core/Src/usb_descriptors.o
                0x0800cef4                desc_hid_report2
 *fill*         0x0800cf41        0x3 
 .rodata.desc_fs_configuration
                0x0800cf44       0x64 ./Core/Src/usb_descriptors.o
                0x0800cf44                desc_fs_configuration
 .rodata.__compound_literal.0
                0x0800cfa8        0x2 ./Core/Src/usb_descriptors.o
 *fill*         0x0800cfaa        0x2 
 .rodata.aPLLMULFactorTable.1
                0x0800cfac       0x10 ./Drivers/STM32F1xx_HAL_Driver/Src/stm32f1xx_hal_rcc.o
 .rodata.aPredivFactorTable.0
                0x0800cfbc        0x2 ./Drivers/STM32F1xx_HAL_Driver/Src/stm32f1xx_hal_rcc.o
 *fill*         0x0800cfbe        0x2 
 .rodata.__func__.2
                0x0800cfc0       0x16 ./TinyUSB/src/class/cdc/cdc_device.o
 *fill*         0x0800cfd6        0x2 
 .rodata.__func__.1
                0x0800cfd8        0xa ./TinyUSB/src/class/cdc/cdc_device.o
 *fill*         0x0800cfe2        0x2 
 .rodata.__func__.0
                0x0800cfe4        0xd ./TinyUSB/src/class/cdc/cdc_device.o
 *fill*         0x0800cff1        0x3 
 .rodata.__func__.2
                0x0800cff4        0xa ./TinyUSB/src/class/hid/hid_device.o
 *fill*         0x0800cffe        0x2 
 .rodata.__func__.1
                0x0800d000       0x15 ./TinyUSB/src/class/hid/hid_device.o
 *fill*         0x0800d015        0x3 
 .rodata.__func__.0
                0x0800d018        0xd ./TinyUSB/src/class/hid/hid_device.o
 *fill*         0x0800d025        0x3 
 .rodata._usbd_driver
                0x0800d028       0x40 ./TinyUSB/src/device/usbd.o
 .rodata._usbd_event_str
                0x0800d068       0x24 ./TinyUSB/src/device/usbd.o
 .rodata.__func__.12
                0x0800d08c       0x10 ./TinyUSB/src/device/usbd.o
 .rodata.__func__.11
                0x0800d09c       0x14 ./TinyUSB/src/device/usbd.o
 .rodata.__func__.10
                0x0800d0b0        0xd ./TinyUSB/src/device/usbd.o
 *fill*         0x0800d0bd        0x3 
 .rodata.__func__.9
                0x0800d0c0       0x18 ./TinyUSB/src/device/usbd.o
 .rodata.__func__.8
                0x0800d0d8       0x13 ./TinyUSB/src/device/usbd.o
 *fill*         0x0800d0eb        0x1 
 .rodata.__func__.7
                0x0800d0ec       0x17 ./TinyUSB/src/device/usbd.o
 *fill*         0x0800d103        0x1 
 .rodata.__func__.6
                0x0800d104        0xc ./TinyUSB/src/device/usbd.o
 .rodata.__func__.5
                0x0800d110       0x14 ./TinyUSB/src/device/usbd.o
 .rodata.__func__.4
                0x0800d124        0xf ./TinyUSB/src/device/usbd.o
 *fill*         0x0800d133        0x1 
 .rodata.__func__.3
                0x0800d134        0xf ./TinyUSB/src/device/usbd.o
 *fill*         0x0800d143        0x1 
 .rodata.__func__.1
                0x0800d144       0x11 ./TinyUSB/src/device/usbd_control.o
 *fill*         0x0800d155        0x3 
 .rodata.__func__.0
                0x0800d158       0x15 ./TinyUSB/src/device/usbd_control.o
 *fill*         0x0800d16d        0x3 
 .rodata.fsdev_irq
                0x0800d170        0x3 ./TinyUSB/src/portable/st/stm32_fsdev/dcd_stm32_fsdev.o
 *fill*         0x0800d173        0x1 
 .rodata.__func__.2
                0x0800d174        0xe ./TinyUSB/src/portable/st/stm32_fsdev/dcd_stm32_fsdev.o
 *fill*         0x0800d182        0x2 
 .rodata.__func__.1
                0x0800d184        0xd ./TinyUSB/src/portable/st/stm32_fsdev/dcd_stm32_fsdev.o
 *fill*         0x0800d191        0x3 
 .rodata.__func__.0
                0x0800d194        0xe ./TinyUSB/src/portable/st/stm32_fsdev/dcd_stm32_fsdev.o
 *fill*         0x0800d1a2        0x2 
 .rodata.tu_str_speed
                0x0800d1a4        0xc ./TinyUSB/src/tusb.o
                0x0800d1a4                tu_str_speed
 .rodata.tu_str_std_request
                0x0800d1b0       0x34 ./TinyUSB/src/tusb.o
                0x0800d1b0                tu_str_std_request
 .rodata.__func__.5
                0x0800d1e4       0x11 ./TinyUSB/src/tusb.o
 *fill*         0x0800d1f5        0x3 
 .rodata.__func__.4
                0x0800d1f8       0x11 ./TinyUSB/src/tusb.o
 .rodata._ctype_
                0x0800d209      0x101 C:/ST/STM32CubeIDE_1.16.0/STM32CubeIDE/plugins/com.st.stm32cube.ide.mcu.externaltools.gnu-tools-for-stm32.12.3.rel1.win32_1.0.200.202406191623/tools/bin/../lib/gcc/arm-none-eabi/12.3.1/../../../../arm-none-eabi/lib/thumb/v7-m/nofp\libc_nano.a(libc_a-ctype_.o)
                0x0800d209                _ctype_
 .rodata._svfprintf_r.str1.1
                0x0800d30a       0x11 C:/ST/STM32CubeIDE_1.16.0/STM32CubeIDE/plugins/com.st.stm32cube.ide.mcu.externaltools.gnu-tools-for-stm32.12.3.rel1.win32_1.0.200.202406191623/tools/bin/../lib/gcc/arm-none-eabi/12.3.1/../../../../arm-none-eabi/lib/thumb/v7-m/nofp\libc_nano.a(libc_a-nano-svfprintf.o)
 .rodata._vfprintf_r.str1.1
                0x0800d31b       0x11 C:/ST/STM32CubeIDE_1.16.0/STM32CubeIDE/plugins/com.st.stm32cube.ide.mcu.externaltools.gnu-tools-for-stm32.12.3.rel1.win32_1.0.200.202406191623/tools/bin/../lib/gcc/arm-none-eabi/12.3.1/../../../../arm-none-eabi/lib/thumb/v7-m/nofp\libc_nano.a(libc_a-nano-vfprintf.o)
 .rodata._printf_i.str1.1
                0x0800d31b       0x22 C:/ST/STM32CubeIDE_1.16.0/STM32CubeIDE/plugins/com.st.stm32cube.ide.mcu.externaltools.gnu-tools-for-stm32.12.3.rel1.win32_1.0.200.202406191623/tools/bin/../lib/gcc/arm-none-eabi/12.3.1/../../../../arm-none-eabi/lib/thumb/v7-m/nofp\libc_nano.a(libc_a-nano-vfprintf_i.o)
                0x0800d340                        . = ALIGN (0x4)
 *fill*         0x0800d33d        0x3 

.ARM.extab      0x0800d340        0x0
                0x0800d340                        . = ALIGN (0x4)
 *(.ARM.extab* .gnu.linkonce.armextab.*)
                0x0800d340                        . = ALIGN (0x4)

.ARM            0x0800d340        0x8
                0x0800d340                        . = ALIGN (0x4)
                0x0800d340                        __exidx_start = .
 *(.ARM.exidx*)
 .ARM.exidx     0x0800d340        0x8 C:/ST/STM32CubeIDE_1.16.0/STM32CubeIDE/plugins/com.st.stm32cube.ide.mcu.externaltools.gnu-tools-for-stm32.12.3.rel1.win32_1.0.200.202406191623/tools/bin/../lib/gcc/arm-none-eabi/12.3.1/../../../../arm-none-eabi/lib/thumb/v7-m/nofp\libc_nano.a(libc_a-strlen.o)
                0x0800d348                        __exidx_end = .
                0x0800d348                        . = ALIGN (0x4)

.preinit_array  0x0800d348        0x0
                0x0800d348                        . = ALIGN (0x4)
                0x0800d348                        PROVIDE (__preinit_array_start = .)
 *(.preinit_array*)
                0x0800d348                        PROVIDE (__preinit_array_end = .)
                0x0800d348                        . = ALIGN (0x4)

.init_array     0x0800d348        0x4
                0x0800d348                        . = ALIGN (0x4)
                0x0800d348                        PROVIDE (__init_array_start = .)
 *(SORT_BY_NAME(.init_array.*))
 *(.init_array*)
 .init_array    0x0800d348        0x4 C:/ST/STM32CubeIDE_1.16.0/STM32CubeIDE/plugins/com.st.stm32cube.ide.mcu.externaltools.gnu-tools-for-stm32.12.3.rel1.win32_1.0.200.202406191623/tools/bin/../lib/gcc/arm-none-eabi/12.3.1/thumb/v7-m/nofp/crtbegin.o
                0x0800d34c                        PROVIDE (__init_array_end = .)
                0x0800d34c                        . = ALIGN (0x4)

.fini_array     0x0800d34c        0x4
                0x0800d34c                        . = ALIGN (0x4)
                [!provide]                        PROVIDE (__fini_array_start = .)
 *(SORT_BY_NAME(.fini_array.*))
 *(.fini_array*)
 .fini_array    0x0800d34c        0x4 C:/ST/STM32CubeIDE_1.16.0/STM32CubeIDE/plugins/com.st.stm32cube.ide.mcu.externaltools.gnu-tools-for-stm32.12.3.rel1.win32_1.0.200.202406191623/tools/bin/../lib/gcc/arm-none-eabi/12.3.1/thumb/v7-m/nofp/crtbegin.o
                [!provide]                        PROVIDE (__fini_array_end = .)
                0x0800d350                        . = ALIGN (0x4)
                0x0800d350                        _sidata = LOADADDR (.data)

.rel.dyn        0x0800d350        0x0
 .rel.iplt      0x0800d350        0x0 C:/ST/STM32CubeIDE_1.16.0/STM32CubeIDE/plugins/com.st.stm32cube.ide.mcu.externaltools.gnu-tools-for-stm32.12.3.rel1.win32_1.0.200.202406191623/tools/bin/../lib/gcc/arm-none-eabi/12.3.1/thumb/v7-m/nofp/crtbegin.o

.data           0x20000000       0x94 load address 0x0800d350
                0x20000000                        . = ALIGN (0x4)
                0x20000000                        _sdata = .
 *(.data)
 *(.data*)
 .data.blink_interval_ms
                0x20000000        0x4 ./Core/Src/main.o
 .data.SystemCoreClock
                0x20000004        0x4 ./Core/Src/system_stm32f1xx.o
                0x20000004                SystemCoreClock
 .data.string_desc_arr
                0x20000008       0x18 ./Core/Src/usb_descriptors.o
                0x20000008                string_desc_arr
 .data.uwTickPrio
                0x20000020        0x4 ./Drivers/STM32F1xx_HAL_Driver/Src/stm32f1xx_hal.o
                0x20000020                uwTickPrio
 .data.uwTickFreq
                0x20000024        0x1 ./Drivers/STM32F1xx_HAL_Driver/Src/stm32f1xx_hal.o
                0x20000024                uwTickFreq
 .data._usbd_rhport
                0x20000025        0x1 ./TinyUSB/src/device/usbd.o
 *fill*         0x20000026        0x2 
 .data._usbd_qdef
                0x20000028       0x10 ./TinyUSB/src/device/usbd.o
                0x20000028                _usbd_qdef
 .data.__sglue  0x20000038        0xc C:/ST/STM32CubeIDE_1.16.0/STM32CubeIDE/plugins/com.st.stm32cube.ide.mcu.externaltools.gnu-tools-for-stm32.12.3.rel1.win32_1.0.200.202406191623/tools/bin/../lib/gcc/arm-none-eabi/12.3.1/../../../../arm-none-eabi/lib/thumb/v7-m/nofp\libc_nano.a(libc_a-findfp.o)
                0x20000038                __sglue
 .data._impure_ptr
                0x20000044        0x4 C:/ST/STM32CubeIDE_1.16.0/STM32CubeIDE/plugins/com.st.stm32cube.ide.mcu.externaltools.gnu-tools-for-stm32.12.3.rel1.win32_1.0.200.202406191623/tools/bin/../lib/gcc/arm-none-eabi/12.3.1/../../../../arm-none-eabi/lib/thumb/v7-m/nofp\libc_nano.a(libc_a-impure.o)
                0x20000044                _impure_ptr
 .data._impure_data
                0x20000048       0x4c C:/ST/STM32CubeIDE_1.16.0/STM32CubeIDE/plugins/com.st.stm32cube.ide.mcu.externaltools.gnu-tools-for-stm32.12.3.rel1.win32_1.0.200.202406191623/tools/bin/../lib/gcc/arm-none-eabi/12.3.1/../../../../arm-none-eabi/lib/thumb/v7-m/nofp\libc_nano.a(libc_a-impure.o)
                0x20000048                _impure_data
 *(.RamFunc)
 *(.RamFunc*)
                0x20000094                        . = ALIGN (0x4)
                0x20000094                        _edata = .

.igot.plt       0x20000094        0x0 load address 0x0800d3e4
 .igot.plt      0x20000094        0x0 C:/ST/STM32CubeIDE_1.16.0/STM32CubeIDE/plugins/com.st.stm32cube.ide.mcu.externaltools.gnu-tools-for-stm32.12.3.rel1.win32_1.0.200.202406191623/tools/bin/../lib/gcc/arm-none-eabi/12.3.1/thumb/v7-m/nofp/crtbegin.o
                0x20000094                        . = ALIGN (0x4)

.bss            0x20000094      0x92c load address 0x0800d3e4
                0x20000094                        _sbss = .
                0x20000094                        __bss_start__ = _sbss
 *(.bss)
 .bss           0x20000094       0x1c C:/ST/STM32CubeIDE_1.16.0/STM32CubeIDE/plugins/com.st.stm32cube.ide.mcu.externaltools.gnu-tools-for-stm32.12.3.rel1.win32_1.0.200.202406191623/tools/bin/../lib/gcc/arm-none-eabi/12.3.1/thumb/v7-m/nofp/crtbegin.o
 *(.bss*)
 .bss.hpcd_USB_FS
                0x200000b0      0x2d8 ./Core/Src/main.o
                0x200000b0                hpcd_USB_FS
 .bss.serial_str
                0x20000388       0x1a ./Core/Src/main.o
                0x20000388                serial_str
 *fill*         0x200003a2        0x2 
 .bss.start_ms.2
                0x200003a4        0x4 ./Core/Src/main.o
 .bss.has_key.1
                0x200003a8        0x1 ./Core/Src/main.o
 *fill*         0x200003a9        0x3 
 .bss.start_ms.0
                0x200003ac        0x4 ./Core/Src/main.o
 .bss.__sbrk_heap_end
                0x200003b0        0x4 ./Core/Src/sysmem.o
 .bss._desc_str
                0x200003b4       0x42 ./Core/Src/usb_descriptors.o
 *fill*         0x200003f6        0x2 
 .bss.uwTick    0x200003f8        0x4 ./Drivers/STM32F1xx_HAL_Driver/Src/stm32f1xx_hal.o
                0x200003f8                uwTick
 .bss._cdcd_itf
                0x200003fc       0xa8 ./TinyUSB/src/class/cdc/cdc_device.o
 .bss._cdcd_epbuf
                0x200004a4       0x80 ./TinyUSB/src/class/cdc/cdc_device.o
 .bss._cdcd_fifo_cfg
                0x20000524        0x1 ./TinyUSB/src/class/cdc/cdc_device.o
 *fill*         0x20000525        0x3 
 .bss._hidd_itf
                0x20000528        0xc ./TinyUSB/src/class/hid/hid_device.o
 .bss._hidd_epbuf
                0x20000534       0xc0 ./TinyUSB/src/class/hid/hid_device.o
 .bss._usbd_dev
                0x200005f4       0x34 ./TinyUSB/src/device/usbd.o
 .bss._usbd_queued_setup
                0x20000628        0x1 ./TinyUSB/src/device/usbd.o
 *fill*         0x20000629        0x3 
 .bss._app_driver
                0x2000062c        0x4 ./TinyUSB/src/device/usbd.o
 .bss._app_driver_count
                0x20000630        0x1 ./TinyUSB/src/device/usbd.o
 *fill*         0x20000631        0x3 
 .bss._usbd_qdef_buf
                0x20000634       0xc0 ./TinyUSB/src/device/usbd.o
                0x20000634                _usbd_qdef_buf
 .bss._usbd_q   0x200006f4        0x4 ./TinyUSB/src/device/usbd.o
 .bss._ctrl_xfer
                0x200006f8       0x14 ./TinyUSB/src/device/usbd_control.o
 .bss._ctrl_epbuf
                0x2000070c       0x40 ./TinyUSB/src/device/usbd_control.o
 .bss.xfer_status
                0x2000074c      0x100 ./TinyUSB/src/portable/st/stm32_fsdev/dcd_stm32_fsdev.o
 .bss.ep_alloc_status
                0x2000084c       0x20 ./TinyUSB/src/portable/st/stm32_fsdev/dcd_stm32_fsdev.o
 .bss.remoteWakeCountdown
                0x2000086c        0x1 ./TinyUSB/src/portable/st/stm32_fsdev/dcd_stm32_fsdev.o
 *fill*         0x2000086d        0x1 
 .bss.ep_buf_ptr
                0x2000086e        0x2 ./TinyUSB/src/portable/st/stm32_fsdev/dcd_stm32_fsdev.o
 .bss._tusb_rhport_role
                0x20000870        0x2 ./TinyUSB/src/tusb.o
                0x20000870                _tusb_rhport_role
 *fill*         0x20000872        0x2 
 .bss.__sf      0x20000874      0x138 C:/ST/STM32CubeIDE_1.16.0/STM32CubeIDE/plugins/com.st.stm32cube.ide.mcu.externaltools.gnu-tools-for-stm32.12.3.rel1.win32_1.0.200.202406191623/tools/bin/../lib/gcc/arm-none-eabi/12.3.1/../../../../arm-none-eabi/lib/thumb/v7-m/nofp\libc_nano.a(libc_a-findfp.o)
                0x20000874                __sf
 .bss.__stdio_exit_handler
                0x200009ac        0x4 C:/ST/STM32CubeIDE_1.16.0/STM32CubeIDE/plugins/com.st.stm32cube.ide.mcu.externaltools.gnu-tools-for-stm32.12.3.rel1.win32_1.0.200.202406191623/tools/bin/../lib/gcc/arm-none-eabi/12.3.1/../../../../arm-none-eabi/lib/thumb/v7-m/nofp\libc_nano.a(libc_a-findfp.o)
                0x200009ac                __stdio_exit_handler
 .bss.errno     0x200009b0        0x4 C:/ST/STM32CubeIDE_1.16.0/STM32CubeIDE/plugins/com.st.stm32cube.ide.mcu.externaltools.gnu-tools-for-stm32.12.3.rel1.win32_1.0.200.202406191623/tools/bin/../lib/gcc/arm-none-eabi/12.3.1/../../../../arm-none-eabi/lib/thumb/v7-m/nofp\libc_nano.a(libc_a-reent.o)
                0x200009b0                errno
 .bss.__lock___malloc_recursive_mutex
                0x200009b4        0x1 C:/ST/STM32CubeIDE_1.16.0/STM32CubeIDE/plugins/com.st.stm32cube.ide.mcu.externaltools.gnu-tools-for-stm32.12.3.rel1.win32_1.0.200.202406191623/tools/bin/../lib/gcc/arm-none-eabi/12.3.1/../../../../arm-none-eabi/lib/thumb/v7-m/nofp\libc_nano.a(libc_a-lock.o)
                0x200009b4                __lock___malloc_recursive_mutex
 .bss.__lock___sfp_recursive_mutex
                0x200009b5        0x1 C:/ST/STM32CubeIDE_1.16.0/STM32CubeIDE/plugins/com.st.stm32cube.ide.mcu.externaltools.gnu-tools-for-stm32.12.3.rel1.win32_1.0.200.202406191623/tools/bin/../lib/gcc/arm-none-eabi/12.3.1/../../../../arm-none-eabi/lib/thumb/v7-m/nofp\libc_nano.a(libc_a-lock.o)
                0x200009b5                __lock___sfp_recursive_mutex
 *fill*         0x200009b6        0x2 
 .bss.__malloc_sbrk_start
                0x200009b8        0x4 C:/ST/STM32CubeIDE_1.16.0/STM32CubeIDE/plugins/com.st.stm32cube.ide.mcu.externaltools.gnu-tools-for-stm32.12.3.rel1.win32_1.0.200.202406191623/tools/bin/../lib/gcc/arm-none-eabi/12.3.1/../../../../arm-none-eabi/lib/thumb/v7-m/nofp\libc_nano.a(libc_a-mallocr.o)
                0x200009b8                __malloc_sbrk_start
 .bss.__malloc_free_list
                0x200009bc        0x4 C:/ST/STM32CubeIDE_1.16.0/STM32CubeIDE/plugins/com.st.stm32cube.ide.mcu.externaltools.gnu-tools-for-stm32.12.3.rel1.win32_1.0.200.202406191623/tools/bin/../lib/gcc/arm-none-eabi/12.3.1/../../../../arm-none-eabi/lib/thumb/v7-m/nofp\libc_nano.a(libc_a-mallocr.o)
                0x200009bc                __malloc_free_list
 *(COMMON)
                0x200009c0                        . = ALIGN (0x4)
                0x200009c0                        _ebss = .
                0x200009c0                        __bss_end__ = _ebss

._user_heap_stack
                0x200009c0      0x600 load address 0x0800d3e4
                0x200009c0                        . = ALIGN (0x8)
                [!provide]                        PROVIDE (end = .)
                0x200009c0                        PROVIDE (_end = .)
                0x20000bc0                        . = (. + _Min_Heap_Size)
 *fill*         0x200009c0      0x200 
                0x20000fc0                        . = (. + _Min_Stack_Size)
 *fill*         0x20000bc0      0x400 
                0x20000fc0                        . = ALIGN (0x8)

/DISCARD/
 libc.a(*)
 libm.a(*)
 libgcc.a(*)

.ARM.attributes
                0x00000000       0x29
 *(.ARM.attributes)
 .ARM.attributes
                0x00000000       0x1d C:/ST/STM32CubeIDE_1.16.0/STM32CubeIDE/plugins/com.st.stm32cube.ide.mcu.externaltools.gnu-tools-for-stm32.12.3.rel1.win32_1.0.200.202406191623/tools/bin/../lib/gcc/arm-none-eabi/12.3.1/thumb/v7-m/nofp/crti.o
 .ARM.attributes
                0x0000001d       0x2d C:/ST/STM32CubeIDE_1.16.0/STM32CubeIDE/plugins/com.st.stm32cube.ide.mcu.externaltools.gnu-tools-for-stm32.12.3.rel1.win32_1.0.200.202406191623/tools/bin/../lib/gcc/arm-none-eabi/12.3.1/thumb/v7-m/nofp/crtbegin.o
 .ARM.attributes
                0x0000004a       0x2d ./Core/Src/main.o
 .ARM.attributes
                0x00000077       0x2d ./Core/Src/stm32f1xx_hal_msp.o
 .ARM.attributes
                0x000000a4       0x2d ./Core/Src/stm32f1xx_it.o
 .ARM.attributes
                0x000000d1       0x2d ./Core/Src/syscalls.o
 .ARM.attributes
                0x000000fe       0x2d ./Core/Src/sysmem.o
 .ARM.attributes
                0x0000012b       0x2d ./Core/Src/system_stm32f1xx.o
 .ARM.attributes
                0x00000158       0x2d ./Core/Src/usb_descriptors.o
 .ARM.attributes
                0x00000185       0x21 ./Core/Startup/startup_stm32f103c8tx.o
 .ARM.attributes
                0x000001a6       0x2d ./Drivers/STM32F1xx_HAL_Driver/Src/stm32f1xx_hal.o
 .ARM.attributes
                0x000001d3       0x2d ./Drivers/STM32F1xx_HAL_Driver/Src/stm32f1xx_hal_cortex.o
 .ARM.attributes
                0x00000200       0x2d ./Drivers/STM32F1xx_HAL_Driver/Src/stm32f1xx_hal_pcd.o
 .ARM.attributes
                0x0000022d       0x2d ./Drivers/STM32F1xx_HAL_Driver/Src/stm32f1xx_hal_rcc.o
 .ARM.attributes
                0x0000025a       0x2d ./Drivers/STM32F1xx_HAL_Driver/Src/stm32f1xx_hal_rcc_ex.o
 .ARM.attributes
                0x00000287       0x2d ./Drivers/STM32F1xx_HAL_Driver/Src/stm32f1xx_ll_gpio.o
 .ARM.attributes
                0x000002b4       0x2d ./Drivers/STM32F1xx_HAL_Driver/Src/stm32f1xx_ll_usb.o
 .ARM.attributes
                0x000002e1       0x2d ./TinyUSB/src/class/cdc/cdc_device.o
 .ARM.attributes
                0x0000030e       0x2d ./TinyUSB/src/class/hid/hid_device.o
 .ARM.attributes
                0x0000033b       0x2d ./TinyUSB/src/common/tusb_fifo.o
 .ARM.attributes
                0x00000368       0x2d ./TinyUSB/src/device/usbd.o
 .ARM.attributes
                0x00000395       0x2d ./TinyUSB/src/device/usbd_control.o
 .ARM.attributes
                0x000003c2       0x2d ./TinyUSB/src/portable/st/stm32_fsdev/dcd_stm32_fsdev.o
 .ARM.attributes
                0x000003ef       0x2d ./TinyUSB/src/tusb.o
 .ARM.attributes
                0x0000041c       0x2d C:/ST/STM32CubeIDE_1.16.0/STM32CubeIDE/plugins/com.st.stm32cube.ide.mcu.externaltools.gnu-tools-for-stm32.12.3.rel1.win32_1.0.200.202406191623/tools/bin/../lib/gcc/arm-none-eabi/12.3.1/../../../../arm-none-eabi/lib/thumb/v7-m/nofp\libc_nano.a(libc_a-ctype_.o)
 .ARM.attributes
                0x00000449       0x2d C:/ST/STM32CubeIDE_1.16.0/STM32CubeIDE/plugins/com.st.stm32cube.ide.mcu.externaltools.gnu-tools-for-stm32.12.3.rel1.win32_1.0.200.202406191623/tools/bin/../lib/gcc/arm-none-eabi/12.3.1/../../../../arm-none-eabi/lib/thumb/v7-m/nofp\libc_nano.a(libc_a-findfp.o)
 .ARM.attributes
                0x00000476       0x2d C:/ST/STM32CubeIDE_1.16.0/STM32CubeIDE/plugins/com.st.stm32cube.ide.mcu.externaltools.gnu-tools-for-stm32.12.3.rel1.win32_1.0.200.202406191623/tools/bin/../lib/gcc/arm-none-eabi/12.3.1/../../../../arm-none-eabi/lib/thumb/v7-m/nofp\libc_nano.a(libc_a-fwalk.o)
 .ARM.attributes
                0x000004a3       0x2d C:/ST/STM32CubeIDE_1.16.0/STM32CubeIDE/plugins/com.st.stm32cube.ide.mcu.externaltools.gnu-tools-for-stm32.12.3.rel1.win32_1.0.200.202406191623/tools/bin/../lib/gcc/arm-none-eabi/12.3.1/../../../../arm-none-eabi/lib/thumb/v7-m/nofp\libc_nano.a(libc_a-printf.o)
 .ARM.attributes
                0x000004d0       0x2d C:/ST/STM32CubeIDE_1.16.0/STM32CubeIDE/plugins/com.st.stm32cube.ide.mcu.externaltools.gnu-tools-for-stm32.12.3.rel1.win32_1.0.200.202406191623/tools/bin/../lib/gcc/arm-none-eabi/12.3.1/../../../../arm-none-eabi/lib/thumb/v7-m/nofp\libc_nano.a(libc_a-putchar.o)
 .ARM.attributes
                0x000004fd       0x2d C:/ST/STM32CubeIDE_1.16.0/STM32CubeIDE/plugins/com.st.stm32cube.ide.mcu.externaltools.gnu-tools-for-stm32.12.3.rel1.win32_1.0.200.202406191623/tools/bin/../lib/gcc/arm-none-eabi/12.3.1/../../../../arm-none-eabi/lib/thumb/v7-m/nofp\libc_nano.a(libc_a-puts.o)
 .ARM.attributes
                0x0000052a       0x2d C:/ST/STM32CubeIDE_1.16.0/STM32CubeIDE/plugins/com.st.stm32cube.ide.mcu.externaltools.gnu-tools-for-stm32.12.3.rel1.win32_1.0.200.202406191623/tools/bin/../lib/gcc/arm-none-eabi/12.3.1/../../../../arm-none-eabi/lib/thumb/v7-m/nofp\libc_nano.a(libc_a-snprintf.o)
 .ARM.attributes
                0x00000557       0x2d C:/ST/STM32CubeIDE_1.16.0/STM32CubeIDE/plugins/com.st.stm32cube.ide.mcu.externaltools.gnu-tools-for-stm32.12.3.rel1.win32_1.0.200.202406191623/tools/bin/../lib/gcc/arm-none-eabi/12.3.1/../../../../arm-none-eabi/lib/thumb/v7-m/nofp\libc_nano.a(libc_a-stdio.o)
 .ARM.attributes
                0x00000584       0x2d C:/ST/STM32CubeIDE_1.16.0/STM32CubeIDE/plugins/com.st.stm32cube.ide.mcu.externaltools.gnu-tools-for-stm32.12.3.rel1.win32_1.0.200.202406191623/tools/bin/../lib/gcc/arm-none-eabi/12.3.1/../../../../arm-none-eabi/lib/thumb/v7-m/nofp\libc_nano.a(libc_a-wbuf.o)
 .ARM.attributes
                0x000005b1       0x2d C:/ST/STM32CubeIDE_1.16.0/STM32CubeIDE/plugins/com.st.stm32cube.ide.mcu.externaltools.gnu-tools-for-stm32.12.3.rel1.win32_1.0.200.202406191623/tools/bin/../lib/gcc/arm-none-eabi/12.3.1/../../../../arm-none-eabi/lib/thumb/v7-m/nofp\libc_nano.a(libc_a-wsetup.o)
 .ARM.attributes
                0x000005de       0x2d C:/ST/STM32CubeIDE_1.16.0/STM32CubeIDE/plugins/com.st.stm32cube.ide.mcu.externaltools.gnu-tools-for-stm32.12.3.rel1.win32_1.0.200.202406191623/tools/bin/../lib/gcc/arm-none-eabi/12.3.1/../../../../arm-none-eabi/lib/thumb/v7-m/nofp\libc_nano.a(libc_a-memset.o)
 .ARM.attributes
                0x0000060b       0x2d C:/ST/STM32CubeIDE_1.16.0/STM32CubeIDE/plugins/com.st.stm32cube.ide.mcu.externaltools.gnu-tools-for-stm32.12.3.rel1.win32_1.0.200.202406191623/tools/bin/../lib/gcc/arm-none-eabi/12.3.1/../../../../arm-none-eabi/lib/thumb/v7-m/nofp\libc_nano.a(libc_a-closer.o)
 .ARM.attributes
                0x00000638       0x2d C:/ST/STM32CubeIDE_1.16.0/STM32CubeIDE/plugins/com.st.stm32cube.ide.mcu.externaltools.gnu-tools-for-stm32.12.3.rel1.win32_1.0.200.202406191623/tools/bin/../lib/gcc/arm-none-eabi/12.3.1/../../../../arm-none-eabi/lib/thumb/v7-m/nofp\libc_nano.a(libc_a-reent.o)
 .ARM.attributes
                0x00000665       0x2d C:/ST/STM32CubeIDE_1.16.0/STM32CubeIDE/plugins/com.st.stm32cube.ide.mcu.externaltools.gnu-tools-for-stm32.12.3.rel1.win32_1.0.200.202406191623/tools/bin/../lib/gcc/arm-none-eabi/12.3.1/../../../../arm-none-eabi/lib/thumb/v7-m/nofp\libc_nano.a(libc_a-impure.o)
 .ARM.attributes
                0x00000692       0x2d C:/ST/STM32CubeIDE_1.16.0/STM32CubeIDE/plugins/com.st.stm32cube.ide.mcu.externaltools.gnu-tools-for-stm32.12.3.rel1.win32_1.0.200.202406191623/tools/bin/../lib/gcc/arm-none-eabi/12.3.1/../../../../arm-none-eabi/lib/thumb/v7-m/nofp\libc_nano.a(libc_a-lseekr.o)
 .ARM.attributes
                0x000006bf       0x2d C:/ST/STM32CubeIDE_1.16.0/STM32CubeIDE/plugins/com.st.stm32cube.ide.mcu.externaltools.gnu-tools-for-stm32.12.3.rel1.win32_1.0.200.202406191623/tools/bin/../lib/gcc/arm-none-eabi/12.3.1/../../../../arm-none-eabi/lib/thumb/v7-m/nofp\libc_nano.a(libc_a-readr.o)
 .ARM.attributes
                0x000006ec       0x2d C:/ST/STM32CubeIDE_1.16.0/STM32CubeIDE/plugins/com.st.stm32cube.ide.mcu.externaltools.gnu-tools-for-stm32.12.3.rel1.win32_1.0.200.202406191623/tools/bin/../lib/gcc/arm-none-eabi/12.3.1/../../../../arm-none-eabi/lib/thumb/v7-m/nofp\libc_nano.a(libc_a-writer.o)
 .ARM.attributes